[1/222] /Users/gpicchiarelli/Documents/GlyphaStore/build/macos-native-release/glyphastore_benchmarks --filter index-all --ops 200000 --key-size 16 --value-size 64 --warmup 1 --repeats 7
OK -> /Users/gpicchiarelli/Documents/GlyphaStore/benchmarks/results/local-macos-2026-08-30-correctness-9ba7397/core/index-all-k16-v64.txt
[2/222] /Users/gpicchiarelli/Documents/GlyphaStore/build/macos-native-release/glyphastore_benchmarks --filter store-get --ops 200000 --key-size 16 --value-size 16 --warmup 1 --repeats 7
OK -> /Users/gpicchiarelli/Documents/GlyphaStore/benchmarks/results/local-macos-2026-08-30-correctness-9ba7397/core/store-get-v16.txt
[3/222] /Users/gpicchiarelli/Documents/GlyphaStore/build/macos-native-release/glyphastore_benchmarks --filter store-put --ops 200000 --key-size 16 --value-size 16 --warmup 1 --repeats 7
OK -> /Users/gpicchiarelli/Documents/GlyphaStore/benchmarks/results/local-macos-2026-08-30-correctness-9ba7397/core/store-put-v16.txt
[4/222] /Users/gpicchiarelli/Documents/GlyphaStore/build/macos-native-release/glyphastore_benchmarks --filter store-put-batch --ops 200000 --key-size 16 --value-size 16 --warmup 1 --repeats 7
OK -> /Users/gpicchiarelli/Documents/GlyphaStore/benchmarks/results/local-macos-2026-08-30-correctness-9ba7397/core/store-put-batch-v16.txt
[5/222] /Users/gpicchiarelli/Documents/GlyphaStore/build/macos-native-release/glyphastore_benchmarks --filter store-put-get --ops 200000 --key-size 16 --value-size 16 --warmup 1 --repeats 7
OK -> /Users/gpicchiarelli/Documents/GlyphaStore/benchmarks/results/local-macos-2026-08-30-correctness-9ba7397/core/store-put-get-v16.txt
[6/222] /Users/gpicchiarelli/Documents/GlyphaStore/build/macos-native-release/glyphastore_benchmarks --filter store-read-after-write --ops 200000 --key-size 16 --value-size 16 --warmup 1 --repeats 7
OK -> /Users/gpicchiarelli/Documents/GlyphaStore/benchmarks/results/local-macos-2026-08-30-correctness-9ba7397/core/store-read-after-write-v16.txt
[7/222] /Users/gpicchiarelli/Documents/GlyphaStore/build/macos-native-release/glyphastore_benchmarks --filter store-get --ops 200000 --key-size 16 --value-size 64 --warmup 1 --repeats 7
OK -> /Users/gpicchiarelli/Documents/GlyphaStore/benchmarks/results/local-macos-2026-08-30-correctness-9ba7397/core/store-get-v64.txt
[8/222] /Users/gpicchiarelli/Documents/GlyphaStore/build/macos-native-release/glyphastore_benchmarks --filter store-put --ops 200000 --key-size 16 --value-size 64 --warmup 1 --repeats 7
OK -> /Users/gpicchiarelli/Documents/GlyphaStore/benchmarks/results/local-macos-2026-08-30-correctness-9ba7397/core/store-put-v64.txt
[9/222] /Users/gpicchiarelli/Documents/GlyphaStore/build/macos-native-release/glyphastore_benchmarks --filter store-put-batch --ops 200000 --key-size 16 --value-size 64 --warmup 1 --repeats 7
OK -> /Users/gpicchiarelli/Documents/GlyphaStore/benchmarks/results/local-macos-2026-08-30-correctness-9ba7397/core/store-put-batch-v64.txt
[10/222] /Users/gpicchiarelli/Documents/GlyphaStore/build/macos-native-release/glyphastore_benchmarks --filter store-put-get --ops 200000 --key-size 16 --value-size 64 --warmup 1 --repeats 7
OK -> /Users/gpicchiarelli/Documents/GlyphaStore/benchmarks/results/local-macos-2026-08-30-correctness-9ba7397/core/store-put-get-v64.txt
[11/222] /Users/gpicchiarelli/Documents/GlyphaStore/build/macos-native-release/glyphastore_benchmarks --filter store-read-after-write --ops 200000 --key-size 16 --value-size 64 --warmup 1 --repeats 7
OK -> /Users/gpicchiarelli/Documents/GlyphaStore/benchmarks/results/local-macos-2026-08-30-correctness-9ba7397/core/store-read-after-write-v64.txt
[12/222] /Users/gpicchiarelli/Documents/GlyphaStore/build/macos-native-release/glyphastore_benchmarks --filter store-get --ops 200000 --key-size 16 --value-size 256 --warmup 1 --repeats 7
OK -> /Users/gpicchiarelli/Documents/GlyphaStore/benchmarks/results/local-macos-2026-08-30-correctness-9ba7397/core/store-get-v256.txt
[13/222] /Users/gpicchiarelli/Documents/GlyphaStore/build/macos-native-release/glyphastore_benchmarks --filter store-put --ops 200000 --key-size 16 --value-size 256 --warmup 1 --repeats 7
OK -> /Users/gpicchiarelli/Documents/GlyphaStore/benchmarks/results/local-macos-2026-08-30-correctness-9ba7397/core/store-put-v256.txt
[14/222] /Users/gpicchiarelli/Documents/GlyphaStore/build/macos-native-release/glyphastore_benchmarks --filter store-put-batch --ops 200000 --key-size 16 --value-size 256 --warmup 1 --repeats 7
OK -> /Users/gpicchiarelli/Documents/GlyphaStore/benchmarks/results/local-macos-2026-08-30-correctness-9ba7397/core/store-put-batch-v256.txt
[15/222] /Users/gpicchiarelli/Documents/GlyphaStore/build/macos-native-release/glyphastore_benchmarks --filter store-put-get --ops 200000 --key-size 16 --value-size 256 --warmup 1 --repeats 7
OK -> /Users/gpicchiarelli/Documents/GlyphaStore/benchmarks/results/local-macos-2026-08-30-correctness-9ba7397/core/store-put-get-v256.txt
[16/222] /Users/gpicchiarelli/Documents/GlyphaStore/build/macos-native-release/glyphastore_benchmarks --filter store-read-after-write --ops 200000 --key-size 16 --value-size 256 --warmup 1 --repeats 7
OK -> /Users/gpicchiarelli/Documents/GlyphaStore/benchmarks/results/local-macos-2026-08-30-correctness-9ba7397/core/store-read-after-write-v256.txt
[17/222] /Users/gpicchiarelli/Documents/GlyphaStore/build/macos-native-release/glyphastore_benchmarks --filter store-get --ops 200000 --key-size 16 --value-size 1024 --warmup 1 --repeats 7
OK -> /Users/gpicchiarelli/Documents/GlyphaStore/benchmarks/results/local-macos-2026-08-30-correctness-9ba7397/core/store-get-v1024.txt
[18/222] /Users/gpicchiarelli/Documents/GlyphaStore/build/macos-native-release/glyphastore_benchmarks --filter store-put --ops 200000 --key-size 16 --value-size 1024 --warmup 1 --repeats 7
OK -> /Users/gpicchiarelli/Documents/GlyphaStore/benchmarks/results/local-macos-2026-08-30-correctness-9ba7397/core/store-put-v1024.txt
[19/222] /Users/gpicchiarelli/Documents/GlyphaStore/build/macos-native-release/glyphastore_benchmarks --filter store-put-batch --ops 200000 --key-size 16 --value-size 1024 --warmup 1 --repeats 7
OK -> /Users/gpicchiarelli/Documents/GlyphaStore/benchmarks/results/local-macos-2026-08-30-correctness-9ba7397/core/store-put-batch-v1024.txt
[20/222] /Users/gpicchiarelli/Documents/GlyphaStore/build/macos-native-release/glyphastore_benchmarks --filter store-put-get --ops 200000 --key-size 16 --value-size 1024 --warmup 1 --repeats 7
OK -> /Users/gpicchiarelli/Documents/GlyphaStore/benchmarks/results/local-macos-2026-08-30-correctness-9ba7397/core/store-put-get-v1024.txt
[21/222] /Users/gpicchiarelli/Documents/GlyphaStore/build/macos-native-release/glyphastore_benchmarks --filter store-read-after-write --ops 200000 --key-size 16 --value-size 1024 --warmup 1 --repeats 7
OK -> /Users/gpicchiarelli/Documents/GlyphaStore/benchmarks/results/local-macos-2026-08-30-correctness-9ba7397/core/store-read-after-write-v1024.txt
[22/222] /Users/gpicchiarelli/Documents/GlyphaStore/build/macos-native-release/glyphastore_benchmarks --filter store-get --ops 200000 --key-size 16 --value-size 4096 --warmup 1 --repeats 7
OK -> /Users/gpicchiarelli/Documents/GlyphaStore/benchmarks/results/local-macos-2026-08-30-correctness-9ba7397/core/store-get-v4096.txt
[23/222] /Users/gpicchiarelli/Documents/GlyphaStore/build/macos-native-release/glyphastore_benchmarks --filter store-put --ops 200000 --key-size 16 --value-size 4096 --warmup 1 --repeats 7
OK -> /Users/gpicchiarelli/Documents/GlyphaStore/benchmarks/results/local-macos-2026-08-30-correctness-9ba7397/core/store-put-v4096.txt
[24/222] /Users/gpicchiarelli/Documents/GlyphaStore/build/macos-native-release/glyphastore_benchmarks --filter store-put-batch --ops 200000 --key-size 16 --value-size 4096 --warmup 1 --repeats 7
OK -> /Users/gpicchiarelli/Documents/GlyphaStore/benchmarks/results/local-macos-2026-08-30-correctness-9ba7397/core/store-put-batch-v4096.txt
[25/222] /Users/gpicchiarelli/Documents/GlyphaStore/build/macos-native-release/glyphastore_benchmarks --filter store-put-get --ops 200000 --key-size 16 --value-size 4096 --warmup 1 --repeats 7
OK -> /Users/gpicchiarelli/Documents/GlyphaStore/benchmarks/results/local-macos-2026-08-30-correctness-9ba7397/core/store-put-get-v4096.txt
[26/222] /Users/gpicchiarelli/Documents/GlyphaStore/build/macos-native-release/glyphastore_benchmarks --filter store-read-after-write --ops 200000 --key-size 16 --value-size 4096 --warmup 1 --repeats 7
OK -> /Users/gpicchiarelli/Documents/GlyphaStore/benchmarks/results/local-macos-2026-08-30-correctness-9ba7397/core/store-read-after-write-v4096.txt
[27/222] /Users/gpicchiarelli/Documents/GlyphaStore/build/macos-native-release/glyphastore_benchmarks --filter store-get --ops 4000 --key-size 16 --value-size 65536 --warmup 1 --repeats 7
OK -> /Users/gpicchiarelli/Documents/GlyphaStore/benchmarks/results/local-macos-2026-08-30-correctness-9ba7397/core/store-get-v65536.txt
[28/222] /Users/gpicchiarelli/Documents/GlyphaStore/build/macos-native-release/glyphastore_benchmarks --filter store-put --ops 4000 --key-size 16 --value-size 65536 --warmup 1 --repeats 7
OK -> /Users/gpicchiarelli/Documents/GlyphaStore/benchmarks/results/local-macos-2026-08-30-correctness-9ba7397/core/store-put-v65536.txt
[29/222] /Users/gpicchiarelli/Documents/GlyphaStore/build/macos-native-release/glyphastore_benchmarks --filter store-put-batch --ops 4000 --key-size 16 --value-size 65536 --warmup 1 --repeats 7
OK -> /Users/gpicchiarelli/Documents/GlyphaStore/benchmarks/results/local-macos-2026-08-30-correctness-9ba7397/core/store-put-batch-v65536.txt
[30/222] /Users/gpicchiarelli/Documents/GlyphaStore/build/macos-native-release/glyphastore_benchmarks --filter store-put-get --ops 4000 --key-size 16 --value-size 65536 --warmup 1 --repeats 7
OK -> /Users/gpicchiarelli/Documents/GlyphaStore/benchmarks/results/local-macos-2026-08-30-correctness-9ba7397/core/store-put-get-v65536.txt
[31/222] /Users/gpicchiarelli/Documents/GlyphaStore/build/macos-native-release/glyphastore_benchmarks --filter store-read-after-write --ops 4000 --key-size 16 --value-size 65536 --warmup 1 --repeats 7
OK -> /Users/gpicchiarelli/Documents/GlyphaStore/benchmarks/results/local-macos-2026-08-30-correctness-9ba7397/core/store-read-after-write-v65536.txt
[32/222] /Users/gpicchiarelli/Documents/GlyphaStore/build/macos-native-release/glyphastore_benchmarks --filter store-get --ops 1000 --key-size 16 --value-size 262144 --warmup 1 --repeats 7
OK -> /Users/gpicchiarelli/Documents/GlyphaStore/benchmarks/results/local-macos-2026-08-30-correctness-9ba7397/core/store-get-v262144.txt
[33/222] /Users/gpicchiarelli/Documents/GlyphaStore/build/macos-native-release/glyphastore_benchmarks --filter store-put --ops 1000 --key-size 16 --value-size 262144 --warmup 1 --repeats 7
OK -> /Users/gpicchiarelli/Documents/GlyphaStore/benchmarks/results/local-macos-2026-08-30-correctness-9ba7397/core/store-put-v262144.txt
[34/222] /Users/gpicchiarelli/Documents/GlyphaStore/build/macos-native-release/glyphastore_benchmarks --filter store-put-batch --ops 1000 --key-size 16 --value-size 262144 --warmup 1 --repeats 7
OK -> /Users/gpicchiarelli/Documents/GlyphaStore/benchmarks/results/local-macos-2026-08-30-correctness-9ba7397/core/store-put-batch-v262144.txt
[35/222] /Users/gpicchiarelli/Documents/GlyphaStore/build/macos-native-release/glyphastore_benchmarks --filter store-put-get --ops 1000 --key-size 16 --value-size 262144 --warmup 1 --repeats 7
OK -> /Users/gpicchiarelli/Documents/GlyphaStore/benchmarks/results/local-macos-2026-08-30-correctness-9ba7397/core/store-put-get-v262144.txt
[36/222] /Users/gpicchiarelli/Documents/GlyphaStore/build/macos-native-release/glyphastore_benchmarks --filter store-read-after-write --ops 1000 --key-size 16 --value-size 262144 --warmup 1 --repeats 7
OK -> /Users/gpicchiarelli/Documents/GlyphaStore/benchmarks/results/local-macos-2026-08-30-correctness-9ba7397/core/store-read-after-write-v262144.txt
[37/222] /Users/gpicchiarelli/Documents/GlyphaStore/build/macos-native-release/glyphastore_benchmarks --filter store-parallel-get --ops 200000 --workers 1 --threads 1 --distribution owner-bound --value-size 64 --warmup 1 --repeats 7
OK -> /Users/gpicchiarelli/Documents/GlyphaStore/benchmarks/results/local-macos-2026-08-30-correctness-9ba7397/scaling/get-w1-owner-bound.txt
[38/222] /Users/gpicchiarelli/Documents/GlyphaStore/build/macos-native-release/glyphastore_benchmarks --filter store-parallel-put --ops 100000 --workers 1 --threads 1 --distribution owner-bound --value-size 64 --warmup 1 --repeats 7
OK -> /Users/gpicchiarelli/Documents/GlyphaStore/benchmarks/results/local-macos-2026-08-30-correctness-9ba7397/scaling/put-w1-owner-bound.txt
[39/222] /Users/gpicchiarelli/Documents/GlyphaStore/build/macos-native-release/glyphastore_benchmarks --filter store-parallel-get --ops 200000 --workers 1 --threads 1 --distribution uniform --value-size 64 --warmup 1 --repeats 7
OK -> /Users/gpicchiarelli/Documents/GlyphaStore/benchmarks/results/local-macos-2026-08-30-correctness-9ba7397/scaling/get-w1-uniform.txt
[40/222] /Users/gpicchiarelli/Documents/GlyphaStore/build/macos-native-release/glyphastore_benchmarks --filter store-parallel-put --ops 100000 --workers 1 --threads 1 --distribution uniform --value-size 64 --warmup 1 --repeats 7
OK -> /Users/gpicchiarelli/Documents/GlyphaStore/benchmarks/results/local-macos-2026-08-30-correctness-9ba7397/scaling/put-w1-uniform.txt
[41/222] /Users/gpicchiarelli/Documents/GlyphaStore/build/macos-native-release/glyphastore_benchmarks --filter store-parallel-get --ops 200000 --workers 1 --threads 1 --distribution zipf --value-size 64 --warmup 1 --repeats 7
OK -> /Users/gpicchiarelli/Documents/GlyphaStore/benchmarks/results/local-macos-2026-08-30-correctness-9ba7397/scaling/get-w1-zipf.txt
[42/222] /Users/gpicchiarelli/Documents/GlyphaStore/build/macos-native-release/glyphastore_benchmarks --filter store-parallel-put --ops 100000 --workers 1 --threads 1 --distribution zipf --value-size 64 --warmup 1 --repeats 7
OK -> /Users/gpicchiarelli/Documents/GlyphaStore/benchmarks/results/local-macos-2026-08-30-correctness-9ba7397/scaling/put-w1-zipf.txt
[43/222] /Users/gpicchiarelli/Documents/GlyphaStore/build/macos-native-release/glyphastore_benchmarks --filter store-parallel-read-after-write --ops 100000 --workers 1 --threads 1 --distribution owner-bound --value-size 64 --warmup 1 --repeats 7
OK -> /Users/gpicchiarelli/Documents/GlyphaStore/benchmarks/results/local-macos-2026-08-30-correctness-9ba7397/scaling/raw-w1-owner-bound.txt
[44/222] /Users/gpicchiarelli/Documents/GlyphaStore/build/macos-native-release/glyphastore_benchmarks --filter store-parallel-get --ops 200000 --workers 2 --threads 2 --distribution owner-bound --value-size 64 --warmup 1 --repeats 7
OK -> /Users/gpicchiarelli/Documents/GlyphaStore/benchmarks/results/local-macos-2026-08-30-correctness-9ba7397/scaling/get-w2-owner-bound.txt
[45/222] /Users/gpicchiarelli/Documents/GlyphaStore/build/macos-native-release/glyphastore_benchmarks --filter store-parallel-put --ops 100000 --workers 2 --threads 2 --distribution owner-bound --value-size 64 --warmup 1 --repeats 7
OK -> /Users/gpicchiarelli/Documents/GlyphaStore/benchmarks/results/local-macos-2026-08-30-correctness-9ba7397/scaling/put-w2-owner-bound.txt
[46/222] /Users/gpicchiarelli/Documents/GlyphaStore/build/macos-native-release/glyphastore_benchmarks --filter store-parallel-get --ops 200000 --workers 2 --threads 2 --distribution uniform --value-size 64 --warmup 1 --repeats 7
OK -> /Users/gpicchiarelli/Documents/GlyphaStore/benchmarks/results/local-macos-2026-08-30-correctness-9ba7397/scaling/get-w2-uniform.txt
[47/222] /Users/gpicchiarelli/Documents/GlyphaStore/build/macos-native-release/glyphastore_benchmarks --filter store-parallel-put --ops 100000 --workers 2 --threads 2 --distribution uniform --value-size 64 --warmup 1 --repeats 7
OK -> /Users/gpicchiarelli/Documents/GlyphaStore/benchmarks/results/local-macos-2026-08-30-correctness-9ba7397/scaling/put-w2-uniform.txt
[48/222] /Users/gpicchiarelli/Documents/GlyphaStore/build/macos-native-release/glyphastore_benchmarks --filter store-parallel-get --ops 200000 --workers 2 --threads 2 --distribution zipf --value-size 64 --warmup 1 --repeats 7
OK -> /Users/gpicchiarelli/Documents/GlyphaStore/benchmarks/results/local-macos-2026-08-30-correctness-9ba7397/scaling/get-w2-zipf.txt
[49/222] /Users/gpicchiarelli/Documents/GlyphaStore/build/macos-native-release/glyphastore_benchmarks --filter store-parallel-put --ops 100000 --workers 2 --threads 2 --distribution zipf --value-size 64 --warmup 1 --repeats 7
OK -> /Users/gpicchiarelli/Documents/GlyphaStore/benchmarks/results/local-macos-2026-08-30-correctness-9ba7397/scaling/put-w2-zipf.txt
[50/222] /Users/gpicchiarelli/Documents/GlyphaStore/build/macos-native-release/glyphastore_benchmarks --filter store-parallel-read-after-write --ops 100000 --workers 2 --threads 2 --distribution owner-bound --value-size 64 --warmup 1 --repeats 7
OK -> /Users/gpicchiarelli/Documents/GlyphaStore/benchmarks/results/local-macos-2026-08-30-correctness-9ba7397/scaling/raw-w2-owner-bound.txt
[51/222] /Users/gpicchiarelli/Documents/GlyphaStore/build/macos-native-release/glyphastore_benchmarks --filter store-parallel-get --ops 200000 --workers 4 --threads 4 --distribution owner-bound --value-size 64 --warmup 1 --repeats 7
OK -> /Users/gpicchiarelli/Documents/GlyphaStore/benchmarks/results/local-macos-2026-08-30-correctness-9ba7397/scaling/get-w4-owner-bound.txt
[52/222] /Users/gpicchiarelli/Documents/GlyphaStore/build/macos-native-release/glyphastore_benchmarks --filter store-parallel-put --ops 100000 --workers 4 --threads 4 --distribution owner-bound --value-size 64 --warmup 1 --repeats 7
OK -> /Users/gpicchiarelli/Documents/GlyphaStore/benchmarks/results/local-macos-2026-08-30-correctness-9ba7397/scaling/put-w4-owner-bound.txt
[53/222] /Users/gpicchiarelli/Documents/GlyphaStore/build/macos-native-release/glyphastore_benchmarks --filter store-parallel-get --ops 200000 --workers 4 --threads 4 --distribution uniform --value-size 64 --warmup 1 --repeats 7
OK -> /Users/gpicchiarelli/Documents/GlyphaStore/benchmarks/results/local-macos-2026-08-30-correctness-9ba7397/scaling/get-w4-uniform.txt
[54/222] /Users/gpicchiarelli/Documents/GlyphaStore/build/macos-native-release/glyphastore_benchmarks --filter store-parallel-put --ops 100000 --workers 4 --threads 4 --distribution uniform --value-size 64 --warmup 1 --repeats 7
OK -> /Users/gpicchiarelli/Documents/GlyphaStore/benchmarks/results/local-macos-2026-08-30-correctness-9ba7397/scaling/put-w4-uniform.txt
[55/222] /Users/gpicchiarelli/Documents/GlyphaStore/build/macos-native-release/glyphastore_benchmarks --filter store-parallel-get --ops 200000 --workers 4 --threads 4 --distribution zipf --value-size 64 --warmup 1 --repeats 7
OK -> /Users/gpicchiarelli/Documents/GlyphaStore/benchmarks/results/local-macos-2026-08-30-correctness-9ba7397/scaling/get-w4-zipf.txt
[56/222] /Users/gpicchiarelli/Documents/GlyphaStore/build/macos-native-release/glyphastore_benchmarks --filter store-parallel-put --ops 100000 --workers 4 --threads 4 --distribution zipf --value-size 64 --warmup 1 --repeats 7
OK -> /Users/gpicchiarelli/Documents/GlyphaStore/benchmarks/results/local-macos-2026-08-30-correctness-9ba7397/scaling/put-w4-zipf.txt
[57/222] /Users/gpicchiarelli/Documents/GlyphaStore/build/macos-native-release/glyphastore_benchmarks --filter store-parallel-read-after-write --ops 100000 --workers 4 --threads 4 --distribution owner-bound --value-size 64 --warmup 1 --repeats 7
OK -> /Users/gpicchiarelli/Documents/GlyphaStore/benchmarks/results/local-macos-2026-08-30-correctness-9ba7397/scaling/raw-w4-owner-bound.txt
[58/222] /Users/gpicchiarelli/Documents/GlyphaStore/build/macos-native-release/glyphastore_benchmarks --filter store-parallel-get --ops 200000 --workers 8 --threads 8 --distribution owner-bound --value-size 64 --warmup 1 --repeats 7
OK -> /Users/gpicchiarelli/Documents/GlyphaStore/benchmarks/results/local-macos-2026-08-30-correctness-9ba7397/scaling/get-w8-owner-bound.txt
[59/222] /Users/gpicchiarelli/Documents/GlyphaStore/build/macos-native-release/glyphastore_benchmarks --filter store-parallel-put --ops 100000 --workers 8 --threads 8 --distribution owner-bound --value-size 64 --warmup 1 --repeats 7
OK -> /Users/gpicchiarelli/Documents/GlyphaStore/benchmarks/results/local-macos-2026-08-30-correctness-9ba7397/scaling/put-w8-owner-bound.txt
[60/222] /Users/gpicchiarelli/Documents/GlyphaStore/build/macos-native-release/glyphastore_benchmarks --filter store-parallel-get --ops 200000 --workers 8 --threads 8 --distribution uniform --value-size 64 --warmup 1 --repeats 7
OK -> /Users/gpicchiarelli/Documents/GlyphaStore/benchmarks/results/local-macos-2026-08-30-correctness-9ba7397/scaling/get-w8-uniform.txt
[61/222] /Users/gpicchiarelli/Documents/GlyphaStore/build/macos-native-release/glyphastore_benchmarks --filter store-parallel-put --ops 100000 --workers 8 --threads 8 --distribution uniform --value-size 64 --warmup 1 --repeats 7
OK -> /Users/gpicchiarelli/Documents/GlyphaStore/benchmarks/results/local-macos-2026-08-30-correctness-9ba7397/scaling/put-w8-uniform.txt
[62/222] /Users/gpicchiarelli/Documents/GlyphaStore/build/macos-native-release/glyphastore_benchmarks --filter store-parallel-get --ops 200000 --workers 8 --threads 8 --distribution zipf --value-size 64 --warmup 1 --repeats 7
OK -> /Users/gpicchiarelli/Documents/GlyphaStore/benchmarks/results/local-macos-2026-08-30-correctness-9ba7397/scaling/get-w8-zipf.txt
[63/222] /Users/gpicchiarelli/Documents/GlyphaStore/build/macos-native-release/glyphastore_benchmarks --filter store-parallel-put --ops 100000 --workers 8 --threads 8 --distribution zipf --value-size 64 --warmup 1 --repeats 7
OK -> /Users/gpicchiarelli/Documents/GlyphaStore/benchmarks/results/local-macos-2026-08-30-correctness-9ba7397/scaling/put-w8-zipf.txt
[64/222] /Users/gpicchiarelli/Documents/GlyphaStore/build/macos-native-release/glyphastore_benchmarks --filter store-parallel-read-after-write --ops 100000 --workers 8 --threads 8 --distribution owner-bound --value-size 64 --warmup 1 --repeats 7
OK -> /Users/gpicchiarelli/Documents/GlyphaStore/benchmarks/results/local-macos-2026-08-30-correctness-9ba7397/scaling/raw-w8-owner-bound.txt
[65/222] /Users/gpicchiarelli/Documents/GlyphaStore/build/macos-native-release/glyphastore_paired_benchmark --ops 500000 --keys 4096 --value-bytes 64 --warmup 1 --repeats 7 --batch-records 32 --batch-wait-us 2
OK -> /Users/gpicchiarelli/Documents/GlyphaStore/benchmarks/results/local-macos-2026-08-30-correctness-9ba7397/paired/paired-shard-v64.txt
[66/222] /Users/gpicchiarelli/Documents/GlyphaStore/build/macos-native-release/glyphastore_paired_benchmark --ops 500000 --keys 4096 --value-bytes 1024 --warmup 1 --repeats 7 --batch-records 32 --batch-wait-us 2
OK -> /Users/gpicchiarelli/Documents/GlyphaStore/benchmarks/results/local-macos-2026-08-30-correctness-9ba7397/paired/paired-shard-v1024.txt
[67/222] /Users/gpicchiarelli/Documents/GlyphaStore/build/macos-native-release/glyphastore_paired_benchmark --ops 20000 --keys 1024 --value-bytes 65536 --warmup 1 --repeats 7 --batch-records 32 --batch-wait-us 2
OK -> /Users/gpicchiarelli/Documents/GlyphaStore/benchmarks/results/local-macos-2026-08-30-correctness-9ba7397/paired/paired-shard-v65536.txt
[68/222] /Users/gpicchiarelli/Documents/GlyphaStore/build/macos-native-release/glyphastore_paired_benchmark --ops 5000 --keys 512 --value-bytes 262144 --warmup 1 --repeats 7 --batch-records 32 --batch-wait-us 2
OK -> /Users/gpicchiarelli/Documents/GlyphaStore/benchmarks/results/local-macos-2026-08-30-correctness-9ba7397/paired/paired-shard-v262144.txt
[69/222] /Users/gpicchiarelli/Documents/GlyphaStore/build/macos-native-release/glyphastore_server_benchmarks --ops 30000 --workers 1 --clients 1 --pipeline 1 --value-size 64 --storage-mode volatile --workload get-only --executor-affinity --warmup 1 --repeats 7 --latency
OK -> /Users/gpicchiarelli/Documents/GlyphaStore/benchmarks/results/local-macos-2026-08-30-correctness-9ba7397/tcp/volatile-w1-c1-p1-get-only-v64.txt
[70/222] /Users/gpicchiarelli/Documents/GlyphaStore/build/macos-native-release/glyphastore_server_benchmarks --ops 30000 --workers 1 --clients 1 --pipeline 1 --value-size 64 --storage-mode volatile --workload read-99-write-1 --executor-affinity --warmup 1 --repeats 7 --latency
OK -> /Users/gpicchiarelli/Documents/GlyphaStore/benchmarks/results/local-macos-2026-08-30-correctness-9ba7397/tcp/volatile-w1-c1-p1-read-99-write-1-v64.txt
[71/222] /Users/gpicchiarelli/Documents/GlyphaStore/build/macos-native-release/glyphastore_server_benchmarks --ops 30000 --workers 1 --clients 1 --pipeline 1 --value-size 64 --storage-mode volatile --workload read-after-write --executor-affinity --warmup 1 --repeats 7 --latency
OK -> /Users/gpicchiarelli/Documents/GlyphaStore/benchmarks/results/local-macos-2026-08-30-correctness-9ba7397/tcp/volatile-w1-c1-p1-read-after-write-v64.txt
[72/222] /Users/gpicchiarelli/Documents/GlyphaStore/build/macos-native-release/glyphastore_server_benchmarks --ops 100000 --workers 1 --clients 1 --pipeline 8 --value-size 64 --storage-mode volatile --workload get-only --executor-affinity --warmup 1 --repeats 7 --latency
OK -> /Users/gpicchiarelli/Documents/GlyphaStore/benchmarks/results/local-macos-2026-08-30-correctness-9ba7397/tcp/volatile-w1-c1-p8-get-only-v64.txt
[73/222] /Users/gpicchiarelli/Documents/GlyphaStore/build/macos-native-release/glyphastore_server_benchmarks --ops 100000 --workers 1 --clients 1 --pipeline 8 --value-size 64 --storage-mode volatile --workload read-99-write-1 --executor-affinity --warmup 1 --repeats 7 --latency
OK -> /Users/gpicchiarelli/Documents/GlyphaStore/benchmarks/results/local-macos-2026-08-30-correctness-9ba7397/tcp/volatile-w1-c1-p8-read-99-write-1-v64.txt
[74/222] /Users/gpicchiarelli/Documents/GlyphaStore/build/macos-native-release/glyphastore_server_benchmarks --ops 100000 --workers 1 --clients 1 --pipeline 8 --value-size 64 --storage-mode volatile --workload read-after-write --executor-affinity --warmup 1 --repeats 7 --latency
OK -> /Users/gpicchiarelli/Documents/GlyphaStore/benchmarks/results/local-macos-2026-08-30-correctness-9ba7397/tcp/volatile-w1-c1-p8-read-after-write-v64.txt
[75/222] /Users/gpicchiarelli/Documents/GlyphaStore/build/macos-native-release/glyphastore_server_benchmarks --ops 100000 --workers 1 --clients 1 --pipeline 32 --value-size 64 --storage-mode volatile --workload get-only --executor-affinity --warmup 1 --repeats 7 --latency
OK -> /Users/gpicchiarelli/Documents/GlyphaStore/benchmarks/results/local-macos-2026-08-30-correctness-9ba7397/tcp/volatile-w1-c1-p32-get-only-v64.txt
[76/222] /Users/gpicchiarelli/Documents/GlyphaStore/build/macos-native-release/glyphastore_server_benchmarks --ops 100000 --workers 1 --clients 1 --pipeline 32 --value-size 64 --storage-mode volatile --workload read-99-write-1 --executor-affinity --warmup 1 --repeats 7 --latency
OK -> /Users/gpicchiarelli/Documents/GlyphaStore/benchmarks/results/local-macos-2026-08-30-correctness-9ba7397/tcp/volatile-w1-c1-p32-read-99-write-1-v64.txt
[77/222] /Users/gpicchiarelli/Documents/GlyphaStore/build/macos-native-release/glyphastore_server_benchmarks --ops 100000 --workers 1 --clients 1 --pipeline 32 --value-size 64 --storage-mode volatile --workload read-after-write --executor-affinity --warmup 1 --repeats 7 --latency
OK -> /Users/gpicchiarelli/Documents/GlyphaStore/benchmarks/results/local-macos-2026-08-30-correctness-9ba7397/tcp/volatile-w1-c1-p32-read-after-write-v64.txt
[78/222] /Users/gpicchiarelli/Documents/GlyphaStore/build/macos-native-release/glyphastore_server_benchmarks --ops 100000 --workers 1 --clients 1 --pipeline 128 --value-size 64 --storage-mode volatile --workload get-only --executor-affinity --warmup 1 --repeats 7 --latency
OK -> /Users/gpicchiarelli/Documents/GlyphaStore/benchmarks/results/local-macos-2026-08-30-correctness-9ba7397/tcp/volatile-w1-c1-p128-get-only-v64.txt
[79/222] /Users/gpicchiarelli/Documents/GlyphaStore/build/macos-native-release/glyphastore_server_benchmarks --ops 100000 --workers 1 --clients 1 --pipeline 128 --value-size 64 --storage-mode volatile --workload read-99-write-1 --executor-affinity --warmup 1 --repeats 7 --latency
OK -> /Users/gpicchiarelli/Documents/GlyphaStore/benchmarks/results/local-macos-2026-08-30-correctness-9ba7397/tcp/volatile-w1-c1-p128-read-99-write-1-v64.txt
[80/222] /Users/gpicchiarelli/Documents/GlyphaStore/build/macos-native-release/glyphastore_server_benchmarks --ops 100000 --workers 1 --clients 1 --pipeline 128 --value-size 64 --storage-mode volatile --workload read-after-write --executor-affinity --warmup 1 --repeats 7 --latency
OK -> /Users/gpicchiarelli/Documents/GlyphaStore/benchmarks/results/local-macos-2026-08-30-correctness-9ba7397/tcp/volatile-w1-c1-p128-read-after-write-v64.txt
[81/222] /Users/gpicchiarelli/Documents/GlyphaStore/build/macos-native-release/glyphastore_server_benchmarks --ops 30000 --workers 2 --clients 2 --pipeline 1 --value-size 64 --storage-mode volatile --workload get-only --executor-affinity --warmup 1 --repeats 7 --latency
OK -> /Users/gpicchiarelli/Documents/GlyphaStore/benchmarks/results/local-macos-2026-08-30-correctness-9ba7397/tcp/volatile-w2-c2-p1-get-only-v64.txt
[82/222] /Users/gpicchiarelli/Documents/GlyphaStore/build/macos-native-release/glyphastore_server_benchmarks --ops 30000 --workers 2 --clients 2 --pipeline 1 --value-size 64 --storage-mode volatile --workload read-99-write-1 --executor-affinity --warmup 1 --repeats 7 --latency
OK -> /Users/gpicchiarelli/Documents/GlyphaStore/benchmarks/results/local-macos-2026-08-30-correctness-9ba7397/tcp/volatile-w2-c2-p1-read-99-write-1-v64.txt
[83/222] /Users/gpicchiarelli/Documents/GlyphaStore/build/macos-native-release/glyphastore_server_benchmarks --ops 30000 --workers 2 --clients 2 --pipeline 1 --value-size 64 --storage-mode volatile --workload read-after-write --executor-affinity --warmup 1 --repeats 7 --latency
OK -> /Users/gpicchiarelli/Documents/GlyphaStore/benchmarks/results/local-macos-2026-08-30-correctness-9ba7397/tcp/volatile-w2-c2-p1-read-after-write-v64.txt
[84/222] /Users/gpicchiarelli/Documents/GlyphaStore/build/macos-native-release/glyphastore_server_benchmarks --ops 100000 --workers 2 --clients 2 --pipeline 8 --value-size 64 --storage-mode volatile --workload get-only --executor-affinity --warmup 1 --repeats 7 --latency
OK -> /Users/gpicchiarelli/Documents/GlyphaStore/benchmarks/results/local-macos-2026-08-30-correctness-9ba7397/tcp/volatile-w2-c2-p8-get-only-v64.txt
[85/222] /Users/gpicchiarelli/Documents/GlyphaStore/build/macos-native-release/glyphastore_server_benchmarks --ops 100000 --workers 2 --clients 2 --pipeline 8 --value-size 64 --storage-mode volatile --workload read-99-write-1 --executor-affinity --warmup 1 --repeats 7 --latency
OK -> /Users/gpicchiarelli/Documents/GlyphaStore/benchmarks/results/local-macos-2026-08-30-correctness-9ba7397/tcp/volatile-w2-c2-p8-read-99-write-1-v64.txt
[86/222] /Users/gpicchiarelli/Documents/GlyphaStore/build/macos-native-release/glyphastore_server_benchmarks --ops 100000 --workers 2 --clients 2 --pipeline 8 --value-size 64 --storage-mode volatile --workload read-after-write --executor-affinity --warmup 1 --repeats 7 --latency
OK -> /Users/gpicchiarelli/Documents/GlyphaStore/benchmarks/results/local-macos-2026-08-30-correctness-9ba7397/tcp/volatile-w2-c2-p8-read-after-write-v64.txt
[87/222] /Users/gpicchiarelli/Documents/GlyphaStore/build/macos-native-release/glyphastore_server_benchmarks --ops 100000 --workers 2 --clients 2 --pipeline 32 --value-size 64 --storage-mode volatile --workload get-only --executor-affinity --warmup 1 --repeats 7 --latency
OK -> /Users/gpicchiarelli/Documents/GlyphaStore/benchmarks/results/local-macos-2026-08-30-correctness-9ba7397/tcp/volatile-w2-c2-p32-get-only-v64.txt
[88/222] /Users/gpicchiarelli/Documents/GlyphaStore/build/macos-native-release/glyphastore_server_benchmarks --ops 100000 --workers 2 --clients 2 --pipeline 32 --value-size 64 --storage-mode volatile --workload read-99-write-1 --executor-affinity --warmup 1 --repeats 7 --latency
OK -> /Users/gpicchiarelli/Documents/GlyphaStore/benchmarks/results/local-macos-2026-08-30-correctness-9ba7397/tcp/volatile-w2-c2-p32-read-99-write-1-v64.txt
[89/222] /Users/gpicchiarelli/Documents/GlyphaStore/build/macos-native-release/glyphastore_server_benchmarks --ops 100000 --workers 2 --clients 2 --pipeline 32 --value-size 64 --storage-mode volatile --workload read-after-write --executor-affinity --warmup 1 --repeats 7 --latency
OK -> /Users/gpicchiarelli/Documents/GlyphaStore/benchmarks/results/local-macos-2026-08-30-correctness-9ba7397/tcp/volatile-w2-c2-p32-read-after-write-v64.txt
[90/222] /Users/gpicchiarelli/Documents/GlyphaStore/build/macos-native-release/glyphastore_server_benchmarks --ops 100000 --workers 2 --clients 2 --pipeline 128 --value-size 64 --storage-mode volatile --workload get-only --executor-affinity --warmup 1 --repeats 7 --latency
OK -> /Users/gpicchiarelli/Documents/GlyphaStore/benchmarks/results/local-macos-2026-08-30-correctness-9ba7397/tcp/volatile-w2-c2-p128-get-only-v64.txt
[91/222] /Users/gpicchiarelli/Documents/GlyphaStore/build/macos-native-release/glyphastore_server_benchmarks --ops 100000 --workers 2 --clients 2 --pipeline 128 --value-size 64 --storage-mode volatile --workload read-99-write-1 --executor-affinity --warmup 1 --repeats 7 --latency
OK -> /Users/gpicchiarelli/Documents/GlyphaStore/benchmarks/results/local-macos-2026-08-30-correctness-9ba7397/tcp/volatile-w2-c2-p128-read-99-write-1-v64.txt
[92/222] /Users/gpicchiarelli/Documents/GlyphaStore/build/macos-native-release/glyphastore_server_benchmarks --ops 100000 --workers 2 --clients 2 --pipeline 128 --value-size 64 --storage-mode volatile --workload read-after-write --executor-affinity --warmup 1 --repeats 7 --latency
OK -> /Users/gpicchiarelli/Documents/GlyphaStore/benchmarks/results/local-macos-2026-08-30-correctness-9ba7397/tcp/volatile-w2-c2-p128-read-after-write-v64.txt
[93/222] /Users/gpicchiarelli/Documents/GlyphaStore/build/macos-native-release/glyphastore_server_benchmarks --ops 30000 --workers 4 --clients 4 --pipeline 1 --value-size 64 --storage-mode volatile --workload get-only --executor-affinity --warmup 1 --repeats 7 --latency
OK -> /Users/gpicchiarelli/Documents/GlyphaStore/benchmarks/results/local-macos-2026-08-30-correctness-9ba7397/tcp/volatile-w4-c4-p1-get-only-v64.txt
[94/222] /Users/gpicchiarelli/Documents/GlyphaStore/build/macos-native-release/glyphastore_server_benchmarks --ops 30000 --workers 4 --clients 4 --pipeline 1 --value-size 64 --storage-mode volatile --workload read-99-write-1 --executor-affinity --warmup 1 --repeats 7 --latency
OK -> /Users/gpicchiarelli/Documents/GlyphaStore/benchmarks/results/local-macos-2026-08-30-correctness-9ba7397/tcp/volatile-w4-c4-p1-read-99-write-1-v64.txt
[95/222] /Users/gpicchiarelli/Documents/GlyphaStore/build/macos-native-release/glyphastore_server_benchmarks --ops 30000 --workers 4 --clients 4 --pipeline 1 --value-size 64 --storage-mode volatile --workload read-after-write --executor-affinity --warmup 1 --repeats 7 --latency
OK -> /Users/gpicchiarelli/Documents/GlyphaStore/benchmarks/results/local-macos-2026-08-30-correctness-9ba7397/tcp/volatile-w4-c4-p1-read-after-write-v64.txt
[96/222] /Users/gpicchiarelli/Documents/GlyphaStore/build/macos-native-release/glyphastore_server_benchmarks --ops 100000 --workers 4 --clients 4 --pipeline 8 --value-size 64 --storage-mode volatile --workload get-only --executor-affinity --warmup 1 --repeats 7 --latency
OK -> /Users/gpicchiarelli/Documents/GlyphaStore/benchmarks/results/local-macos-2026-08-30-correctness-9ba7397/tcp/volatile-w4-c4-p8-get-only-v64.txt
[97/222] /Users/gpicchiarelli/Documents/GlyphaStore/build/macos-native-release/glyphastore_server_benchmarks --ops 100000 --workers 4 --clients 4 --pipeline 8 --value-size 64 --storage-mode volatile --workload read-99-write-1 --executor-affinity --warmup 1 --repeats 7 --latency
OK -> /Users/gpicchiarelli/Documents/GlyphaStore/benchmarks/results/local-macos-2026-08-30-correctness-9ba7397/tcp/volatile-w4-c4-p8-read-99-write-1-v64.txt
[98/222] /Users/gpicchiarelli/Documents/GlyphaStore/build/macos-native-release/glyphastore_server_benchmarks --ops 100000 --workers 4 --clients 4 --pipeline 8 --value-size 64 --storage-mode volatile --workload read-after-write --executor-affinity --warmup 1 --repeats 7 --latency
OK -> /Users/gpicchiarelli/Documents/GlyphaStore/benchmarks/results/local-macos-2026-08-30-correctness-9ba7397/tcp/volatile-w4-c4-p8-read-after-write-v64.txt
[99/222] /Users/gpicchiarelli/Documents/GlyphaStore/build/macos-native-release/glyphastore_server_benchmarks --ops 100000 --workers 4 --clients 4 --pipeline 32 --value-size 64 --storage-mode volatile --workload get-only --executor-affinity --warmup 1 --repeats 7 --latency
OK -> /Users/gpicchiarelli/Documents/GlyphaStore/benchmarks/results/local-macos-2026-08-30-correctness-9ba7397/tcp/volatile-w4-c4-p32-get-only-v64.txt
[100/222] /Users/gpicchiarelli/Documents/GlyphaStore/build/macos-native-release/glyphastore_server_benchmarks --ops 100000 --workers 4 --clients 4 --pipeline 32 --value-size 64 --storage-mode volatile --workload read-99-write-1 --executor-affinity --warmup 1 --repeats 7 --latency
OK -> /Users/gpicchiarelli/Documents/GlyphaStore/benchmarks/results/local-macos-2026-08-30-correctness-9ba7397/tcp/volatile-w4-c4-p32-read-99-write-1-v64.txt
[101/222] /Users/gpicchiarelli/Documents/GlyphaStore/build/macos-native-release/glyphastore_server_benchmarks --ops 100000 --workers 4 --clients 4 --pipeline 32 --value-size 64 --storage-mode volatile --workload read-after-write --executor-affinity --warmup 1 --repeats 7 --latency
OK -> /Users/gpicchiarelli/Documents/GlyphaStore/benchmarks/results/local-macos-2026-08-30-correctness-9ba7397/tcp/volatile-w4-c4-p32-read-after-write-v64.txt
[102/222] /Users/gpicchiarelli/Documents/GlyphaStore/build/macos-native-release/glyphastore_server_benchmarks --ops 100000 --workers 4 --clients 4 --pipeline 128 --value-size 64 --storage-mode volatile --workload get-only --executor-affinity --warmup 1 --repeats 7 --latency
OK -> /Users/gpicchiarelli/Documents/GlyphaStore/benchmarks/results/local-macos-2026-08-30-correctness-9ba7397/tcp/volatile-w4-c4-p128-get-only-v64.txt
[103/222] /Users/gpicchiarelli/Documents/GlyphaStore/build/macos-native-release/glyphastore_server_benchmarks --ops 100000 --workers 4 --clients 4 --pipeline 128 --value-size 64 --storage-mode volatile --workload read-99-write-1 --executor-affinity --warmup 1 --repeats 7 --latency
OK -> /Users/gpicchiarelli/Documents/GlyphaStore/benchmarks/results/local-macos-2026-08-30-correctness-9ba7397/tcp/volatile-w4-c4-p128-read-99-write-1-v64.txt
[104/222] /Users/gpicchiarelli/Documents/GlyphaStore/build/macos-native-release/glyphastore_server_benchmarks --ops 100000 --workers 4 --clients 4 --pipeline 128 --value-size 64 --storage-mode volatile --workload read-after-write --executor-affinity --warmup 1 --repeats 7 --latency
OK -> /Users/gpicchiarelli/Documents/GlyphaStore/benchmarks/results/local-macos-2026-08-30-correctness-9ba7397/tcp/volatile-w4-c4-p128-read-after-write-v64.txt
[105/222] /Users/gpicchiarelli/Documents/GlyphaStore/build/macos-native-release/glyphastore_server_benchmarks --ops 30000 --workers 8 --clients 8 --pipeline 1 --value-size 64 --storage-mode volatile --workload get-only --executor-affinity --warmup 1 --repeats 7 --latency
OK -> /Users/gpicchiarelli/Documents/GlyphaStore/benchmarks/results/local-macos-2026-08-30-correctness-9ba7397/tcp/volatile-w8-c8-p1-get-only-v64.txt
[106/222] /Users/gpicchiarelli/Documents/GlyphaStore/build/macos-native-release/glyphastore_server_benchmarks --ops 30000 --workers 8 --clients 8 --pipeline 1 --value-size 64 --storage-mode volatile --workload read-99-write-1 --executor-affinity --warmup 1 --repeats 7 --latency
OK -> /Users/gpicchiarelli/Documents/GlyphaStore/benchmarks/results/local-macos-2026-08-30-correctness-9ba7397/tcp/volatile-w8-c8-p1-read-99-write-1-v64.txt
[107/222] /Users/gpicchiarelli/Documents/GlyphaStore/build/macos-native-release/glyphastore_server_benchmarks --ops 30000 --workers 8 --clients 8 --pipeline 1 --value-size 64 --storage-mode volatile --workload read-after-write --executor-affinity --warmup 1 --repeats 7 --latency
OK -> /Users/gpicchiarelli/Documents/GlyphaStore/benchmarks/results/local-macos-2026-08-30-correctness-9ba7397/tcp/volatile-w8-c8-p1-read-after-write-v64.txt
[108/222] /Users/gpicchiarelli/Documents/GlyphaStore/build/macos-native-release/glyphastore_server_benchmarks --ops 100000 --workers 8 --clients 8 --pipeline 8 --value-size 64 --storage-mode volatile --workload get-only --executor-affinity --warmup 1 --repeats 7 --latency
OK -> /Users/gpicchiarelli/Documents/GlyphaStore/benchmarks/results/local-macos-2026-08-30-correctness-9ba7397/tcp/volatile-w8-c8-p8-get-only-v64.txt
[109/222] /Users/gpicchiarelli/Documents/GlyphaStore/build/macos-native-release/glyphastore_server_benchmarks --ops 100000 --workers 8 --clients 8 --pipeline 8 --value-size 64 --storage-mode volatile --workload read-99-write-1 --executor-affinity --warmup 1 --repeats 7 --latency
OK -> /Users/gpicchiarelli/Documents/GlyphaStore/benchmarks/results/local-macos-2026-08-30-correctness-9ba7397/tcp/volatile-w8-c8-p8-read-99-write-1-v64.txt
[110/222] /Users/gpicchiarelli/Documents/GlyphaStore/build/macos-native-release/glyphastore_server_benchmarks --ops 100000 --workers 8 --clients 8 --pipeline 8 --value-size 64 --storage-mode volatile --workload read-after-write --executor-affinity --warmup 1 --repeats 7 --latency
OK -> /Users/gpicchiarelli/Documents/GlyphaStore/benchmarks/results/local-macos-2026-08-30-correctness-9ba7397/tcp/volatile-w8-c8-p8-read-after-write-v64.txt
[111/222] /Users/gpicchiarelli/Documents/GlyphaStore/build/macos-native-release/glyphastore_server_benchmarks --ops 100000 --workers 8 --clients 8 --pipeline 32 --value-size 64 --storage-mode volatile --workload get-only --executor-affinity --warmup 1 --repeats 7 --latency
OK -> /Users/gpicchiarelli/Documents/GlyphaStore/benchmarks/results/local-macos-2026-08-30-correctness-9ba7397/tcp/volatile-w8-c8-p32-get-only-v64.txt
[112/222] /Users/gpicchiarelli/Documents/GlyphaStore/build/macos-native-release/glyphastore_server_benchmarks --ops 100000 --workers 8 --clients 8 --pipeline 32 --value-size 64 --storage-mode volatile --workload read-99-write-1 --executor-affinity --warmup 1 --repeats 7 --latency
OK -> /Users/gpicchiarelli/Documents/GlyphaStore/benchmarks/results/local-macos-2026-08-30-correctness-9ba7397/tcp/volatile-w8-c8-p32-read-99-write-1-v64.txt
[113/222] /Users/gpicchiarelli/Documents/GlyphaStore/build/macos-native-release/glyphastore_server_benchmarks --ops 100000 --workers 8 --clients 8 --pipeline 32 --value-size 64 --storage-mode volatile --workload read-after-write --executor-affinity --warmup 1 --repeats 7 --latency
OK -> /Users/gpicchiarelli/Documents/GlyphaStore/benchmarks/results/local-macos-2026-08-30-correctness-9ba7397/tcp/volatile-w8-c8-p32-read-after-write-v64.txt
[114/222] /Users/gpicchiarelli/Documents/GlyphaStore/build/macos-native-release/glyphastore_server_benchmarks --ops 100000 --workers 8 --clients 8 --pipeline 128 --value-size 64 --storage-mode volatile --workload get-only --executor-affinity --warmup 1 --repeats 7 --latency
OK -> /Users/gpicchiarelli/Documents/GlyphaStore/benchmarks/results/local-macos-2026-08-30-correctness-9ba7397/tcp/volatile-w8-c8-p128-get-only-v64.txt
[115/222] /Users/gpicchiarelli/Documents/GlyphaStore/build/macos-native-release/glyphastore_server_benchmarks --ops 100000 --workers 8 --clients 8 --pipeline 128 --value-size 64 --storage-mode volatile --workload read-99-write-1 --executor-affinity --warmup 1 --repeats 7 --latency
OK -> /Users/gpicchiarelli/Documents/GlyphaStore/benchmarks/results/local-macos-2026-08-30-correctness-9ba7397/tcp/volatile-w8-c8-p128-read-99-write-1-v64.txt
[116/222] /Users/gpicchiarelli/Documents/GlyphaStore/build/macos-native-release/glyphastore_server_benchmarks --ops 100000 --workers 8 --clients 8 --pipeline 128 --value-size 64 --storage-mode volatile --workload read-after-write --executor-affinity --warmup 1 --repeats 7 --latency
OK -> /Users/gpicchiarelli/Documents/GlyphaStore/benchmarks/results/local-macos-2026-08-30-correctness-9ba7397/tcp/volatile-w8-c8-p128-read-after-write-v64.txt
[117/222] /Users/gpicchiarelli/Documents/GlyphaStore/build/macos-native-release/glyphastore_server_benchmarks --ops 50000 --workers 1 --clients 1 --pipeline 32 --value-size 1024 --storage-mode volatile --workload get-only --executor-affinity --warmup 1 --repeats 7 --latency
OK -> /Users/gpicchiarelli/Documents/GlyphaStore/benchmarks/results/local-macos-2026-08-30-correctness-9ba7397/tcp/volatile-w1-c1-p32-get-only-v1024.txt
[118/222] /Users/gpicchiarelli/Documents/GlyphaStore/build/macos-native-release/glyphastore_server_benchmarks --ops 3000 --workers 1 --clients 1 --pipeline 32 --value-size 65536 --storage-mode volatile --workload get-only --executor-affinity --warmup 1 --repeats 7 --latency
OK -> /Users/gpicchiarelli/Documents/GlyphaStore/benchmarks/results/local-macos-2026-08-30-correctness-9ba7397/tcp/volatile-w1-c1-p32-get-only-v65536.txt
[119/222] /Users/gpicchiarelli/Documents/GlyphaStore/build/macos-native-release/glyphastore_server_benchmarks --ops 800 --workers 1 --clients 1 --pipeline 8 --value-size 262144 --storage-mode volatile --workload get-only --executor-affinity --warmup 1 --repeats 7 --latency
OK -> /Users/gpicchiarelli/Documents/GlyphaStore/benchmarks/results/local-macos-2026-08-30-correctness-9ba7397/tcp/volatile-w1-c1-p8-get-only-v262144.txt
[120/222] /Users/gpicchiarelli/Documents/GlyphaStore/build/macos-native-release/glyphastore_server_benchmarks --ops 30000 --workers 1 --clients 1 --pipeline 32 --client-api --client-pipeline 32 --value-size 64 --storage-mode volatile --workload read-after-write --executor-affinity --warmup 1 --repeats 7 --latency
OK -> /Users/gpicchiarelli/Documents/GlyphaStore/benchmarks/results/local-macos-2026-08-30-correctness-9ba7397/tcp/client-api-w1-c1-p32-read-after-write-v64.txt
[121/222] /Users/gpicchiarelli/Documents/GlyphaStore/build/macos-native-release/glyphastore_paired_reactor_benchmark --ops 100000 --keys 4096 --value-bytes 64 --pipeline 1 --clients 1 --put-percent 0 --warmup 1 --repeats 5 --batch-wait-us 2
OK -> /Users/gpicchiarelli/Documents/GlyphaStore/benchmarks/results/local-macos-2026-08-30-correctness-9ba7397/paired/paired-reactor-c1-p1-put0-v64.txt
[122/222] /Users/gpicchiarelli/Documents/GlyphaStore/build/macos-native-release/glyphastore_paired_reactor_benchmark --ops 100000 --keys 4096 --value-bytes 64 --pipeline 1 --clients 1 --put-percent 1 --warmup 1 --repeats 5 --batch-wait-us 2
OK -> /Users/gpicchiarelli/Documents/GlyphaStore/benchmarks/results/local-macos-2026-08-30-correctness-9ba7397/paired/paired-reactor-c1-p1-put1-v64.txt
[123/222] /Users/gpicchiarelli/Documents/GlyphaStore/build/macos-native-release/glyphastore_paired_reactor_benchmark --ops 100000 --keys 4096 --value-bytes 64 --pipeline 1 --clients 1 --put-percent 5 --warmup 1 --repeats 5 --batch-wait-us 2
OK -> /Users/gpicchiarelli/Documents/GlyphaStore/benchmarks/results/local-macos-2026-08-30-correctness-9ba7397/paired/paired-reactor-c1-p1-put5-v64.txt
[124/222] /Users/gpicchiarelli/Documents/GlyphaStore/build/macos-native-release/glyphastore_paired_reactor_benchmark --ops 100000 --keys 4096 --value-bytes 64 --pipeline 1 --clients 1 --put-percent 10 --warmup 1 --repeats 5 --batch-wait-us 2
OK -> /Users/gpicchiarelli/Documents/GlyphaStore/benchmarks/results/local-macos-2026-08-30-correctness-9ba7397/paired/paired-reactor-c1-p1-put10-v64.txt
[125/222] /Users/gpicchiarelli/Documents/GlyphaStore/build/macos-native-release/glyphastore_paired_reactor_benchmark --ops 100000 --keys 4096 --value-bytes 64 --pipeline 8 --clients 1 --put-percent 0 --warmup 1 --repeats 5 --batch-wait-us 2
OK -> /Users/gpicchiarelli/Documents/GlyphaStore/benchmarks/results/local-macos-2026-08-30-correctness-9ba7397/paired/paired-reactor-c1-p8-put0-v64.txt
[126/222] /Users/gpicchiarelli/Documents/GlyphaStore/build/macos-native-release/glyphastore_paired_reactor_benchmark --ops 100000 --keys 4096 --value-bytes 64 --pipeline 8 --clients 1 --put-percent 1 --warmup 1 --repeats 5 --batch-wait-us 2
OK -> /Users/gpicchiarelli/Documents/GlyphaStore/benchmarks/results/local-macos-2026-08-30-correctness-9ba7397/paired/paired-reactor-c1-p8-put1-v64.txt
[127/222] /Users/gpicchiarelli/Documents/GlyphaStore/build/macos-native-release/glyphastore_paired_reactor_benchmark --ops 100000 --keys 4096 --value-bytes 64 --pipeline 8 --clients 1 --put-percent 5 --warmup 1 --repeats 5 --batch-wait-us 2
OK -> /Users/gpicchiarelli/Documents/GlyphaStore/benchmarks/results/local-macos-2026-08-30-correctness-9ba7397/paired/paired-reactor-c1-p8-put5-v64.txt
[128/222] /Users/gpicchiarelli/Documents/GlyphaStore/build/macos-native-release/glyphastore_paired_reactor_benchmark --ops 100000 --keys 4096 --value-bytes 64 --pipeline 8 --clients 1 --put-percent 10 --warmup 1 --repeats 5 --batch-wait-us 2
OK -> /Users/gpicchiarelli/Documents/GlyphaStore/benchmarks/results/local-macos-2026-08-30-correctness-9ba7397/paired/paired-reactor-c1-p8-put10-v64.txt
[129/222] /Users/gpicchiarelli/Documents/GlyphaStore/build/macos-native-release/glyphastore_paired_reactor_benchmark --ops 100000 --keys 4096 --value-bytes 64 --pipeline 32 --clients 1 --put-percent 0 --warmup 1 --repeats 5 --batch-wait-us 2
OK -> /Users/gpicchiarelli/Documents/GlyphaStore/benchmarks/results/local-macos-2026-08-30-correctness-9ba7397/paired/paired-reactor-c1-p32-put0-v64.txt
[130/222] /Users/gpicchiarelli/Documents/GlyphaStore/build/macos-native-release/glyphastore_paired_reactor_benchmark --ops 100000 --keys 4096 --value-bytes 64 --pipeline 32 --clients 1 --put-percent 1 --warmup 1 --repeats 5 --batch-wait-us 2
OK -> /Users/gpicchiarelli/Documents/GlyphaStore/benchmarks/results/local-macos-2026-08-30-correctness-9ba7397/paired/paired-reactor-c1-p32-put1-v64.txt
[131/222] /Users/gpicchiarelli/Documents/GlyphaStore/build/macos-native-release/glyphastore_paired_reactor_benchmark --ops 100000 --keys 4096 --value-bytes 64 --pipeline 32 --clients 1 --put-percent 5 --warmup 1 --repeats 5 --batch-wait-us 2
OK -> /Users/gpicchiarelli/Documents/GlyphaStore/benchmarks/results/local-macos-2026-08-30-correctness-9ba7397/paired/paired-reactor-c1-p32-put5-v64.txt
[132/222] /Users/gpicchiarelli/Documents/GlyphaStore/build/macos-native-release/glyphastore_paired_reactor_benchmark --ops 100000 --keys 4096 --value-bytes 64 --pipeline 32 --clients 1 --put-percent 10 --warmup 1 --repeats 5 --batch-wait-us 2
OK -> /Users/gpicchiarelli/Documents/GlyphaStore/benchmarks/results/local-macos-2026-08-30-correctness-9ba7397/paired/paired-reactor-c1-p32-put10-v64.txt
[133/222] /Users/gpicchiarelli/Documents/GlyphaStore/build/macos-native-release/glyphastore_paired_reactor_benchmark --ops 100000 --keys 4096 --value-bytes 64 --pipeline 128 --clients 1 --put-percent 0 --warmup 1 --repeats 5 --batch-wait-us 2
OK -> /Users/gpicchiarelli/Documents/GlyphaStore/benchmarks/results/local-macos-2026-08-30-correctness-9ba7397/paired/paired-reactor-c1-p128-put0-v64.txt
[134/222] /Users/gpicchiarelli/Documents/GlyphaStore/build/macos-native-release/glyphastore_paired_reactor_benchmark --ops 100000 --keys 4096 --value-bytes 64 --pipeline 128 --clients 1 --put-percent 1 --warmup 1 --repeats 5 --batch-wait-us 2
OK -> /Users/gpicchiarelli/Documents/GlyphaStore/benchmarks/results/local-macos-2026-08-30-correctness-9ba7397/paired/paired-reactor-c1-p128-put1-v64.txt
[135/222] /Users/gpicchiarelli/Documents/GlyphaStore/build/macos-native-release/glyphastore_paired_reactor_benchmark --ops 100000 --keys 4096 --value-bytes 64 --pipeline 128 --clients 1 --put-percent 5 --warmup 1 --repeats 5 --batch-wait-us 2
OK -> /Users/gpicchiarelli/Documents/GlyphaStore/benchmarks/results/local-macos-2026-08-30-correctness-9ba7397/paired/paired-reactor-c1-p128-put5-v64.txt
[136/222] /Users/gpicchiarelli/Documents/GlyphaStore/build/macos-native-release/glyphastore_paired_reactor_benchmark --ops 100000 --keys 4096 --value-bytes 64 --pipeline 128 --clients 1 --put-percent 10 --warmup 1 --repeats 5 --batch-wait-us 2
OK -> /Users/gpicchiarelli/Documents/GlyphaStore/benchmarks/results/local-macos-2026-08-30-correctness-9ba7397/paired/paired-reactor-c1-p128-put10-v64.txt
[137/222] /Users/gpicchiarelli/Documents/GlyphaStore/build/macos-native-release/glyphastore_paired_reactor_benchmark --ops 100000 --keys 4096 --value-bytes 64 --pipeline 1 --clients 4 --put-percent 0 --warmup 1 --repeats 5 --batch-wait-us 2
OK -> /Users/gpicchiarelli/Documents/GlyphaStore/benchmarks/results/local-macos-2026-08-30-correctness-9ba7397/paired/paired-reactor-c4-p1-put0-v64.txt
[138/222] /Users/gpicchiarelli/Documents/GlyphaStore/build/macos-native-release/glyphastore_paired_reactor_benchmark --ops 100000 --keys 4096 --value-bytes 64 --pipeline 1 --clients 4 --put-percent 1 --warmup 1 --repeats 5 --batch-wait-us 2
OK -> /Users/gpicchiarelli/Documents/GlyphaStore/benchmarks/results/local-macos-2026-08-30-correctness-9ba7397/paired/paired-reactor-c4-p1-put1-v64.txt
[139/222] /Users/gpicchiarelli/Documents/GlyphaStore/build/macos-native-release/glyphastore_paired_reactor_benchmark --ops 100000 --keys 4096 --value-bytes 64 --pipeline 1 --clients 4 --put-percent 5 --warmup 1 --repeats 5 --batch-wait-us 2
OK -> /Users/gpicchiarelli/Documents/GlyphaStore/benchmarks/results/local-macos-2026-08-30-correctness-9ba7397/paired/paired-reactor-c4-p1-put5-v64.txt
[140/222] /Users/gpicchiarelli/Documents/GlyphaStore/build/macos-native-release/glyphastore_paired_reactor_benchmark --ops 100000 --keys 4096 --value-bytes 64 --pipeline 1 --clients 4 --put-percent 10 --warmup 1 --repeats 5 --batch-wait-us 2
OK -> /Users/gpicchiarelli/Documents/GlyphaStore/benchmarks/results/local-macos-2026-08-30-correctness-9ba7397/paired/paired-reactor-c4-p1-put10-v64.txt
[141/222] /Users/gpicchiarelli/Documents/GlyphaStore/build/macos-native-release/glyphastore_paired_reactor_benchmark --ops 100000 --keys 4096 --value-bytes 64 --pipeline 8 --clients 4 --put-percent 0 --warmup 1 --repeats 5 --batch-wait-us 2
OK -> /Users/gpicchiarelli/Documents/GlyphaStore/benchmarks/results/local-macos-2026-08-30-correctness-9ba7397/paired/paired-reactor-c4-p8-put0-v64.txt
[142/222] /Users/gpicchiarelli/Documents/GlyphaStore/build/macos-native-release/glyphastore_paired_reactor_benchmark --ops 100000 --keys 4096 --value-bytes 64 --pipeline 8 --clients 4 --put-percent 1 --warmup 1 --repeats 5 --batch-wait-us 2
OK -> /Users/gpicchiarelli/Documents/GlyphaStore/benchmarks/results/local-macos-2026-08-30-correctness-9ba7397/paired/paired-reactor-c4-p8-put1-v64.txt
[143/222] /Users/gpicchiarelli/Documents/GlyphaStore/build/macos-native-release/glyphastore_paired_reactor_benchmark --ops 100000 --keys 4096 --value-bytes 64 --pipeline 8 --clients 4 --put-percent 5 --warmup 1 --repeats 5 --batch-wait-us 2
OK -> /Users/gpicchiarelli/Documents/GlyphaStore/benchmarks/results/local-macos-2026-08-30-correctness-9ba7397/paired/paired-reactor-c4-p8-put5-v64.txt
[144/222] /Users/gpicchiarelli/Documents/GlyphaStore/build/macos-native-release/glyphastore_paired_reactor_benchmark --ops 100000 --keys 4096 --value-bytes 64 --pipeline 8 --clients 4 --put-percent 10 --warmup 1 --repeats 5 --batch-wait-us 2
OK -> /Users/gpicchiarelli/Documents/GlyphaStore/benchmarks/results/local-macos-2026-08-30-correctness-9ba7397/paired/paired-reactor-c4-p8-put10-v64.txt
[145/222] /Users/gpicchiarelli/Documents/GlyphaStore/build/macos-native-release/glyphastore_paired_reactor_benchmark --ops 100000 --keys 4096 --value-bytes 64 --pipeline 32 --clients 4 --put-percent 0 --warmup 1 --repeats 5 --batch-wait-us 2
OK -> /Users/gpicchiarelli/Documents/GlyphaStore/benchmarks/results/local-macos-2026-08-30-correctness-9ba7397/paired/paired-reactor-c4-p32-put0-v64.txt
[146/222] /Users/gpicchiarelli/Documents/GlyphaStore/build/macos-native-release/glyphastore_paired_reactor_benchmark --ops 100000 --keys 4096 --value-bytes 64 --pipeline 32 --clients 4 --put-percent 1 --warmup 1 --repeats 5 --batch-wait-us 2
OK -> /Users/gpicchiarelli/Documents/GlyphaStore/benchmarks/results/local-macos-2026-08-30-correctness-9ba7397/paired/paired-reactor-c4-p32-put1-v64.txt
[147/222] /Users/gpicchiarelli/Documents/GlyphaStore/build/macos-native-release/glyphastore_paired_reactor_benchmark --ops 100000 --keys 4096 --value-bytes 64 --pipeline 32 --clients 4 --put-percent 5 --warmup 1 --repeats 5 --batch-wait-us 2
OK -> /Users/gpicchiarelli/Documents/GlyphaStore/benchmarks/results/local-macos-2026-08-30-correctness-9ba7397/paired/paired-reactor-c4-p32-put5-v64.txt
[148/222] /Users/gpicchiarelli/Documents/GlyphaStore/build/macos-native-release/glyphastore_paired_reactor_benchmark --ops 100000 --keys 4096 --value-bytes 64 --pipeline 32 --clients 4 --put-percent 10 --warmup 1 --repeats 5 --batch-wait-us 2
OK -> /Users/gpicchiarelli/Documents/GlyphaStore/benchmarks/results/local-macos-2026-08-30-correctness-9ba7397/paired/paired-reactor-c4-p32-put10-v64.txt
[149/222] /Users/gpicchiarelli/Documents/GlyphaStore/build/macos-native-release/glyphastore_paired_reactor_benchmark --ops 100000 --keys 4096 --value-bytes 64 --pipeline 128 --clients 4 --put-percent 0 --warmup 1 --repeats 5 --batch-wait-us 2
OK -> /Users/gpicchiarelli/Documents/GlyphaStore/benchmarks/results/local-macos-2026-08-30-correctness-9ba7397/paired/paired-reactor-c4-p128-put0-v64.txt
[150/222] /Users/gpicchiarelli/Documents/GlyphaStore/build/macos-native-release/glyphastore_paired_reactor_benchmark --ops 100000 --keys 4096 --value-bytes 64 --pipeline 128 --clients 4 --put-percent 1 --warmup 1 --repeats 5 --batch-wait-us 2
OK -> /Users/gpicchiarelli/Documents/GlyphaStore/benchmarks/results/local-macos-2026-08-30-correctness-9ba7397/paired/paired-reactor-c4-p128-put1-v64.txt
[151/222] /Users/gpicchiarelli/Documents/GlyphaStore/build/macos-native-release/glyphastore_paired_reactor_benchmark --ops 100000 --keys 4096 --value-bytes 64 --pipeline 128 --clients 4 --put-percent 5 --warmup 1 --repeats 5 --batch-wait-us 2
OK -> /Users/gpicchiarelli/Documents/GlyphaStore/benchmarks/results/local-macos-2026-08-30-correctness-9ba7397/paired/paired-reactor-c4-p128-put5-v64.txt
[152/222] /Users/gpicchiarelli/Documents/GlyphaStore/build/macos-native-release/glyphastore_paired_reactor_benchmark --ops 100000 --keys 4096 --value-bytes 64 --pipeline 128 --clients 4 --put-percent 10 --warmup 1 --repeats 5 --batch-wait-us 2
OK -> /Users/gpicchiarelli/Documents/GlyphaStore/benchmarks/results/local-macos-2026-08-30-correctness-9ba7397/paired/paired-reactor-c4-p128-put10-v64.txt
[153/222] /Users/gpicchiarelli/Documents/GlyphaStore/build/macos-native-release/glyphastore_server_benchmarks --ops 300 --workers 1 --clients 1 --pipeline 1 --value-size 64 --storage-mode durable-sync --workload get-only --executor-affinity --latency --group-max-records 32 --group-max-bytes 65536 --group-max-wait-ms 10 --periodic-sync-ms 1000 --warmup 1 --repeats 5
OK -> /Users/gpicchiarelli/Documents/GlyphaStore/benchmarks/results/local-macos-2026-08-30-correctness-9ba7397/durable/durable-sync-w1-c1-p1-get-only.txt
[154/222] /Users/gpicchiarelli/Documents/GlyphaStore/build/macos-native-release/glyphastore_server_benchmarks --ops 300 --workers 1 --clients 1 --pipeline 1 --value-size 64 --storage-mode durable-sync --workload read-99-write-1 --executor-affinity --latency --group-max-records 32 --group-max-bytes 65536 --group-max-wait-ms 10 --periodic-sync-ms 1000 --warmup 1 --repeats 5
OK -> /Users/gpicchiarelli/Documents/GlyphaStore/benchmarks/results/local-macos-2026-08-30-correctness-9ba7397/durable/durable-sync-w1-c1-p1-read-99-write-1.txt
[155/222] /Users/gpicchiarelli/Documents/GlyphaStore/build/macos-native-release/glyphastore_server_benchmarks --ops 300 --workers 1 --clients 1 --pipeline 1 --value-size 64 --storage-mode durable-sync --workload read-after-write --executor-affinity --latency --group-max-records 32 --group-max-bytes 65536 --group-max-wait-ms 10 --periodic-sync-ms 1000 --warmup 1 --repeats 5
OK -> /Users/gpicchiarelli/Documents/GlyphaStore/benchmarks/results/local-macos-2026-08-30-correctness-9ba7397/durable/durable-sync-w1-c1-p1-read-after-write.txt
[156/222] /Users/gpicchiarelli/Documents/GlyphaStore/build/macos-native-release/glyphastore_server_benchmarks --ops 300 --workers 1 --clients 1 --pipeline 8 --value-size 64 --storage-mode durable-sync --workload get-only --executor-affinity --latency --group-max-records 32 --group-max-bytes 65536 --group-max-wait-ms 10 --periodic-sync-ms 1000 --warmup 1 --repeats 5
OK -> /Users/gpicchiarelli/Documents/GlyphaStore/benchmarks/results/local-macos-2026-08-30-correctness-9ba7397/durable/durable-sync-w1-c1-p8-get-only.txt
[157/222] /Users/gpicchiarelli/Documents/GlyphaStore/build/macos-native-release/glyphastore_server_benchmarks --ops 300 --workers 1 --clients 1 --pipeline 8 --value-size 64 --storage-mode durable-sync --workload read-99-write-1 --executor-affinity --latency --group-max-records 32 --group-max-bytes 65536 --group-max-wait-ms 10 --periodic-sync-ms 1000 --warmup 1 --repeats 5
OK -> /Users/gpicchiarelli/Documents/GlyphaStore/benchmarks/results/local-macos-2026-08-30-correctness-9ba7397/durable/durable-sync-w1-c1-p8-read-99-write-1.txt
[158/222] /Users/gpicchiarelli/Documents/GlyphaStore/build/macos-native-release/glyphastore_server_benchmarks --ops 300 --workers 1 --clients 1 --pipeline 8 --value-size 64 --storage-mode durable-sync --workload read-after-write --executor-affinity --latency --group-max-records 32 --group-max-bytes 65536 --group-max-wait-ms 10 --periodic-sync-ms 1000 --warmup 1 --repeats 5
OK -> /Users/gpicchiarelli/Documents/GlyphaStore/benchmarks/results/local-macos-2026-08-30-correctness-9ba7397/durable/durable-sync-w1-c1-p8-read-after-write.txt
[159/222] /Users/gpicchiarelli/Documents/GlyphaStore/build/macos-native-release/glyphastore_server_benchmarks --ops 300 --workers 1 --clients 1 --pipeline 32 --value-size 64 --storage-mode durable-sync --workload read-99-write-1 --executor-affinity --latency --group-max-records 32 --group-max-bytes 65536 --group-max-wait-ms 10 --periodic-sync-ms 1000 --warmup 1 --repeats 5
OK -> /Users/gpicchiarelli/Documents/GlyphaStore/benchmarks/results/local-macos-2026-08-30-correctness-9ba7397/durable/durable-sync-w1-c1-p32-read-99-write-1.txt
[160/222] /Users/gpicchiarelli/Documents/GlyphaStore/build/macos-native-release/glyphastore_server_benchmarks --ops 300 --workers 1 --clients 1 --pipeline 1 --value-size 64 --storage-mode durable-group --workload get-only --executor-affinity --latency --group-max-records 32 --group-max-bytes 65536 --group-max-wait-ms 10 --periodic-sync-ms 1000 --warmup 1 --repeats 5
OK -> /Users/gpicchiarelli/Documents/GlyphaStore/benchmarks/results/local-macos-2026-08-30-correctness-9ba7397/durable/durable-group-w1-c1-p1-get-only.txt
[161/222] /Users/gpicchiarelli/Documents/GlyphaStore/build/macos-native-release/glyphastore_server_benchmarks --ops 300 --workers 1 --clients 1 --pipeline 1 --value-size 64 --storage-mode durable-group --workload read-99-write-1 --executor-affinity --latency --group-max-records 32 --group-max-bytes 65536 --group-max-wait-ms 10 --periodic-sync-ms 1000 --warmup 1 --repeats 5
OK -> /Users/gpicchiarelli/Documents/GlyphaStore/benchmarks/results/local-macos-2026-08-30-correctness-9ba7397/durable/durable-group-w1-c1-p1-read-99-write-1.txt
[162/222] /Users/gpicchiarelli/Documents/GlyphaStore/build/macos-native-release/glyphastore_server_benchmarks --ops 300 --workers 1 --clients 1 --pipeline 1 --value-size 64 --storage-mode durable-group --workload read-after-write --executor-affinity --latency --group-max-records 32 --group-max-bytes 65536 --group-max-wait-ms 10 --periodic-sync-ms 1000 --warmup 1 --repeats 5
OK -> /Users/gpicchiarelli/Documents/GlyphaStore/benchmarks/results/local-macos-2026-08-30-correctness-9ba7397/durable/durable-group-w1-c1-p1-read-after-write.txt
[163/222] /Users/gpicchiarelli/Documents/GlyphaStore/build/macos-native-release/glyphastore_server_benchmarks --ops 300 --workers 1 --clients 1 --pipeline 8 --value-size 64 --storage-mode durable-group --workload get-only --executor-affinity --latency --group-max-records 32 --group-max-bytes 65536 --group-max-wait-ms 10 --periodic-sync-ms 1000 --warmup 1 --repeats 5
OK -> /Users/gpicchiarelli/Documents/GlyphaStore/benchmarks/results/local-macos-2026-08-30-correctness-9ba7397/durable/durable-group-w1-c1-p8-get-only.txt
[164/222] /Users/gpicchiarelli/Documents/GlyphaStore/build/macos-native-release/glyphastore_server_benchmarks --ops 300 --workers 1 --clients 1 --pipeline 8 --value-size 64 --storage-mode durable-group --workload read-99-write-1 --executor-affinity --latency --group-max-records 32 --group-max-bytes 65536 --group-max-wait-ms 10 --periodic-sync-ms 1000 --warmup 1 --repeats 5
OK -> /Users/gpicchiarelli/Documents/GlyphaStore/benchmarks/results/local-macos-2026-08-30-correctness-9ba7397/durable/durable-group-w1-c1-p8-read-99-write-1.txt
[165/222] /Users/gpicchiarelli/Documents/GlyphaStore/build/macos-native-release/glyphastore_server_benchmarks --ops 300 --workers 1 --clients 1 --pipeline 8 --value-size 64 --storage-mode durable-group --workload read-after-write --executor-affinity --latency --group-max-records 32 --group-max-bytes 65536 --group-max-wait-ms 10 --periodic-sync-ms 1000 --warmup 1 --repeats 5
OK -> /Users/gpicchiarelli/Documents/GlyphaStore/benchmarks/results/local-macos-2026-08-30-correctness-9ba7397/durable/durable-group-w1-c1-p8-read-after-write.txt
[166/222] /Users/gpicchiarelli/Documents/GlyphaStore/build/macos-native-release/glyphastore_server_benchmarks --ops 300 --workers 1 --clients 1 --pipeline 32 --value-size 64 --storage-mode durable-group --workload read-99-write-1 --executor-affinity --latency --group-max-records 32 --group-max-bytes 65536 --group-max-wait-ms 10 --periodic-sync-ms 1000 --warmup 1 --repeats 5
OK -> /Users/gpicchiarelli/Documents/GlyphaStore/benchmarks/results/local-macos-2026-08-30-correctness-9ba7397/durable/durable-group-w1-c1-p32-read-99-write-1.txt
[167/222] /Users/gpicchiarelli/Documents/GlyphaStore/build/macos-native-release/glyphastore_server_benchmarks --ops 300 --workers 1 --clients 1 --pipeline 1 --value-size 64 --storage-mode durable-periodic --workload get-only --executor-affinity --latency --group-max-records 32 --group-max-bytes 65536 --group-max-wait-ms 10 --periodic-sync-ms 1000 --warmup 1 --repeats 5
OK -> /Users/gpicchiarelli/Documents/GlyphaStore/benchmarks/results/local-macos-2026-08-30-correctness-9ba7397/durable/durable-periodic-w1-c1-p1-get-only.txt
[168/222] /Users/gpicchiarelli/Documents/GlyphaStore/build/macos-native-release/glyphastore_server_benchmarks --ops 300 --workers 1 --clients 1 --pipeline 1 --value-size 64 --storage-mode durable-periodic --workload read-99-write-1 --executor-affinity --latency --group-max-records 32 --group-max-bytes 65536 --group-max-wait-ms 10 --periodic-sync-ms 1000 --warmup 1 --repeats 5
OK -> /Users/gpicchiarelli/Documents/GlyphaStore/benchmarks/results/local-macos-2026-08-30-correctness-9ba7397/durable/durable-periodic-w1-c1-p1-read-99-write-1.txt
[169/222] /Users/gpicchiarelli/Documents/GlyphaStore/build/macos-native-release/glyphastore_server_benchmarks --ops 300 --workers 1 --clients 1 --pipeline 1 --value-size 64 --storage-mode durable-periodic --workload read-after-write --executor-affinity --latency --group-max-records 32 --group-max-bytes 65536 --group-max-wait-ms 10 --periodic-sync-ms 1000 --warmup 1 --repeats 5
OK -> /Users/gpicchiarelli/Documents/GlyphaStore/benchmarks/results/local-macos-2026-08-30-correctness-9ba7397/durable/durable-periodic-w1-c1-p1-read-after-write.txt
[170/222] /Users/gpicchiarelli/Documents/GlyphaStore/build/macos-native-release/glyphastore_server_benchmarks --ops 300 --workers 1 --clients 1 --pipeline 8 --value-size 64 --storage-mode durable-periodic --workload get-only --executor-affinity --latency --group-max-records 32 --group-max-bytes 65536 --group-max-wait-ms 10 --periodic-sync-ms 1000 --warmup 1 --repeats 5
OK -> /Users/gpicchiarelli/Documents/GlyphaStore/benchmarks/results/local-macos-2026-08-30-correctness-9ba7397/durable/durable-periodic-w1-c1-p8-get-only.txt
[171/222] /Users/gpicchiarelli/Documents/GlyphaStore/build/macos-native-release/glyphastore_server_benchmarks --ops 300 --workers 1 --clients 1 --pipeline 8 --value-size 64 --storage-mode durable-periodic --workload read-99-write-1 --executor-affinity --latency --group-max-records 32 --group-max-bytes 65536 --group-max-wait-ms 10 --periodic-sync-ms 1000 --warmup 1 --repeats 5
OK -> /Users/gpicchiarelli/Documents/GlyphaStore/benchmarks/results/local-macos-2026-08-30-correctness-9ba7397/durable/durable-periodic-w1-c1-p8-read-99-write-1.txt
[172/222] /Users/gpicchiarelli/Documents/GlyphaStore/build/macos-native-release/glyphastore_server_benchmarks --ops 300 --workers 1 --clients 1 --pipeline 8 --value-size 64 --storage-mode durable-periodic --workload read-after-write --executor-affinity --latency --group-max-records 32 --group-max-bytes 65536 --group-max-wait-ms 10 --periodic-sync-ms 1000 --warmup 1 --repeats 5
OK -> /Users/gpicchiarelli/Documents/GlyphaStore/benchmarks/results/local-macos-2026-08-30-correctness-9ba7397/durable/durable-periodic-w1-c1-p8-read-after-write.txt
[173/222] /Users/gpicchiarelli/Documents/GlyphaStore/build/macos-native-release/glyphastore_server_benchmarks --ops 300 --workers 1 --clients 1 --pipeline 32 --value-size 64 --storage-mode durable-periodic --workload read-99-write-1 --executor-affinity --latency --group-max-records 32 --group-max-bytes 65536 --group-max-wait-ms 10 --periodic-sync-ms 1000 --warmup 1 --repeats 5
OK -> /Users/gpicchiarelli/Documents/GlyphaStore/benchmarks/results/local-macos-2026-08-30-correctness-9ba7397/durable/durable-periodic-w1-c1-p32-read-99-write-1.txt
[174/222] /Users/gpicchiarelli/Documents/GlyphaStore/build/macos-native-release/glyphastore_server_benchmarks --ops 500 --workers 1 --clients 1 --pipeline 32 --value-size 64 --storage-mode durable-sync --workload get-only --executor-affinity --latency --group-max-records 32 --group-max-bytes 65536 --group-max-wait-ms 10 --periodic-sync-ms 1000 --warmup 1 --repeats 5
OK -> /Users/gpicchiarelli/Documents/GlyphaStore/benchmarks/results/local-macos-2026-08-30-correctness-9ba7397/durable/durable-sync-w1-c1-p32-get-only.txt
[175/222] /Users/gpicchiarelli/Documents/GlyphaStore/build/macos-native-release/glyphastore_server_benchmarks --ops 500 --workers 1 --clients 1 --pipeline 32 --value-size 64 --storage-mode durable-sync --workload read-after-write --executor-affinity --latency --group-max-records 32 --group-max-bytes 65536 --group-max-wait-ms 10 --periodic-sync-ms 1000 --warmup 1 --repeats 5
OK -> /Users/gpicchiarelli/Documents/GlyphaStore/benchmarks/results/local-macos-2026-08-30-correctness-9ba7397/durable/durable-sync-w1-c1-p32-read-after-write.txt
[176/222] /Users/gpicchiarelli/Documents/GlyphaStore/build/macos-native-release/glyphastore_server_benchmarks --ops 500 --workers 2 --clients 2 --pipeline 32 --value-size 64 --storage-mode durable-sync --workload get-only --executor-affinity --latency --group-max-records 32 --group-max-bytes 65536 --group-max-wait-ms 10 --periodic-sync-ms 1000 --warmup 1 --repeats 5
OK -> /Users/gpicchiarelli/Documents/GlyphaStore/benchmarks/results/local-macos-2026-08-30-correctness-9ba7397/durable/durable-sync-w2-c2-p32-get-only.txt
[177/222] /Users/gpicchiarelli/Documents/GlyphaStore/build/macos-native-release/glyphastore_server_benchmarks --ops 500 --workers 2 --clients 2 --pipeline 32 --value-size 64 --storage-mode durable-sync --workload read-after-write --executor-affinity --latency --group-max-records 32 --group-max-bytes 65536 --group-max-wait-ms 10 --periodic-sync-ms 1000 --warmup 1 --repeats 5
OK -> /Users/gpicchiarelli/Documents/GlyphaStore/benchmarks/results/local-macos-2026-08-30-correctness-9ba7397/durable/durable-sync-w2-c2-p32-read-after-write.txt
[178/222] /Users/gpicchiarelli/Documents/GlyphaStore/build/macos-native-release/glyphastore_server_benchmarks --ops 500 --workers 4 --clients 4 --pipeline 32 --value-size 64 --storage-mode durable-sync --workload get-only --executor-affinity --latency --group-max-records 32 --group-max-bytes 65536 --group-max-wait-ms 10 --periodic-sync-ms 1000 --warmup 1 --repeats 5
OK -> /Users/gpicchiarelli/Documents/GlyphaStore/benchmarks/results/local-macos-2026-08-30-correctness-9ba7397/durable/durable-sync-w4-c4-p32-get-only.txt
[179/222] /Users/gpicchiarelli/Documents/GlyphaStore/build/macos-native-release/glyphastore_server_benchmarks --ops 500 --workers 4 --clients 4 --pipeline 32 --value-size 64 --storage-mode durable-sync --workload read-after-write --executor-affinity --latency --group-max-records 32 --group-max-bytes 65536 --group-max-wait-ms 10 --periodic-sync-ms 1000 --warmup 1 --repeats 5
OK -> /Users/gpicchiarelli/Documents/GlyphaStore/benchmarks/results/local-macos-2026-08-30-correctness-9ba7397/durable/durable-sync-w4-c4-p32-read-after-write.txt
[180/222] /Users/gpicchiarelli/Documents/GlyphaStore/build/macos-native-release/glyphastore_server_benchmarks --ops 500 --workers 1 --clients 1 --pipeline 32 --value-size 64 --storage-mode durable-group --workload get-only --executor-affinity --latency --group-max-records 32 --group-max-bytes 65536 --group-max-wait-ms 10 --periodic-sync-ms 1000 --warmup 1 --repeats 5
OK -> /Users/gpicchiarelli/Documents/GlyphaStore/benchmarks/results/local-macos-2026-08-30-correctness-9ba7397/durable/durable-group-w1-c1-p32-get-only.txt
[181/222] /Users/gpicchiarelli/Documents/GlyphaStore/build/macos-native-release/glyphastore_server_benchmarks --ops 500 --workers 1 --clients 1 --pipeline 32 --value-size 64 --storage-mode durable-group --workload read-after-write --executor-affinity --latency --group-max-records 32 --group-max-bytes 65536 --group-max-wait-ms 10 --periodic-sync-ms 1000 --warmup 1 --repeats 5
OK -> /Users/gpicchiarelli/Documents/GlyphaStore/benchmarks/results/local-macos-2026-08-30-correctness-9ba7397/durable/durable-group-w1-c1-p32-read-after-write.txt
[182/222] /Users/gpicchiarelli/Documents/GlyphaStore/build/macos-native-release/glyphastore_server_benchmarks --ops 500 --workers 2 --clients 2 --pipeline 32 --value-size 64 --storage-mode durable-group --workload get-only --executor-affinity --latency --group-max-records 32 --group-max-bytes 65536 --group-max-wait-ms 10 --periodic-sync-ms 1000 --warmup 1 --repeats 5
OK -> /Users/gpicchiarelli/Documents/GlyphaStore/benchmarks/results/local-macos-2026-08-30-correctness-9ba7397/durable/durable-group-w2-c2-p32-get-only.txt
[183/222] /Users/gpicchiarelli/Documents/GlyphaStore/build/macos-native-release/glyphastore_server_benchmarks --ops 500 --workers 2 --clients 2 --pipeline 32 --value-size 64 --storage-mode durable-group --workload read-after-write --executor-affinity --latency --group-max-records 32 --group-max-bytes 65536 --group-max-wait-ms 10 --periodic-sync-ms 1000 --warmup 1 --repeats 5
OK -> /Users/gpicchiarelli/Documents/GlyphaStore/benchmarks/results/local-macos-2026-08-30-correctness-9ba7397/durable/durable-group-w2-c2-p32-read-after-write.txt
[184/222] /Users/gpicchiarelli/Documents/GlyphaStore/build/macos-native-release/glyphastore_server_benchmarks --ops 500 --workers 4 --clients 4 --pipeline 32 --value-size 64 --storage-mode durable-group --workload get-only --executor-affinity --latency --group-max-records 32 --group-max-bytes 65536 --group-max-wait-ms 10 --periodic-sync-ms 1000 --warmup 1 --repeats 5
OK -> /Users/gpicchiarelli/Documents/GlyphaStore/benchmarks/results/local-macos-2026-08-30-correctness-9ba7397/durable/durable-group-w4-c4-p32-get-only.txt
[185/222] /Users/gpicchiarelli/Documents/GlyphaStore/build/macos-native-release/glyphastore_server_benchmarks --ops 500 --workers 4 --clients 4 --pipeline 32 --value-size 64 --storage-mode durable-group --workload read-after-write --executor-affinity --latency --group-max-records 32 --group-max-bytes 65536 --group-max-wait-ms 10 --periodic-sync-ms 1000 --warmup 1 --repeats 5
OK -> /Users/gpicchiarelli/Documents/GlyphaStore/benchmarks/results/local-macos-2026-08-30-correctness-9ba7397/durable/durable-group-w4-c4-p32-read-after-write.txt
[186/222] /Users/gpicchiarelli/Documents/GlyphaStore/build/macos-native-release/glyphastore_server_benchmarks --ops 500 --workers 1 --clients 1 --pipeline 32 --value-size 64 --storage-mode durable-periodic --workload get-only --executor-affinity --latency --group-max-records 32 --group-max-bytes 65536 --group-max-wait-ms 10 --periodic-sync-ms 1000 --warmup 1 --repeats 5
OK -> /Users/gpicchiarelli/Documents/GlyphaStore/benchmarks/results/local-macos-2026-08-30-correctness-9ba7397/durable/durable-periodic-w1-c1-p32-get-only.txt
[187/222] /Users/gpicchiarelli/Documents/GlyphaStore/build/macos-native-release/glyphastore_server_benchmarks --ops 500 --workers 1 --clients 1 --pipeline 32 --value-size 64 --storage-mode durable-periodic --workload read-after-write --executor-affinity --latency --group-max-records 32 --group-max-bytes 65536 --group-max-wait-ms 10 --periodic-sync-ms 1000 --warmup 1 --repeats 5
OK -> /Users/gpicchiarelli/Documents/GlyphaStore/benchmarks/results/local-macos-2026-08-30-correctness-9ba7397/durable/durable-periodic-w1-c1-p32-read-after-write.txt
[188/222] /Users/gpicchiarelli/Documents/GlyphaStore/build/macos-native-release/glyphastore_server_benchmarks --ops 500 --workers 2 --clients 2 --pipeline 32 --value-size 64 --storage-mode durable-periodic --workload get-only --executor-affinity --latency --group-max-records 32 --group-max-bytes 65536 --group-max-wait-ms 10 --periodic-sync-ms 1000 --warmup 1 --repeats 5
OK -> /Users/gpicchiarelli/Documents/GlyphaStore/benchmarks/results/local-macos-2026-08-30-correctness-9ba7397/durable/durable-periodic-w2-c2-p32-get-only.txt
[189/222] /Users/gpicchiarelli/Documents/GlyphaStore/build/macos-native-release/glyphastore_server_benchmarks --ops 500 --workers 2 --clients 2 --pipeline 32 --value-size 64 --storage-mode durable-periodic --workload read-after-write --executor-affinity --latency --group-max-records 32 --group-max-bytes 65536 --group-max-wait-ms 10 --periodic-sync-ms 1000 --warmup 1 --repeats 5
OK -> /Users/gpicchiarelli/Documents/GlyphaStore/benchmarks/results/local-macos-2026-08-30-correctness-9ba7397/durable/durable-periodic-w2-c2-p32-read-after-write.txt
[190/222] /Users/gpicchiarelli/Documents/GlyphaStore/build/macos-native-release/glyphastore_server_benchmarks --ops 500 --workers 4 --clients 4 --pipeline 32 --value-size 64 --storage-mode durable-periodic --workload get-only --executor-affinity --latency --group-max-records 32 --group-max-bytes 65536 --group-max-wait-ms 10 --periodic-sync-ms 1000 --warmup 1 --repeats 5
OK -> /Users/gpicchiarelli/Documents/GlyphaStore/benchmarks/results/local-macos-2026-08-30-correctness-9ba7397/durable/durable-periodic-w4-c4-p32-get-only.txt
[191/222] /Users/gpicchiarelli/Documents/GlyphaStore/build/macos-native-release/glyphastore_server_benchmarks --ops 500 --workers 4 --clients 4 --pipeline 32 --value-size 64 --storage-mode durable-periodic --workload read-after-write --executor-affinity --latency --group-max-records 32 --group-max-bytes 65536 --group-max-wait-ms 10 --periodic-sync-ms 1000 --warmup 1 --repeats 5
OK -> /Users/gpicchiarelli/Documents/GlyphaStore/benchmarks/results/local-macos-2026-08-30-correctness-9ba7397/durable/durable-periodic-w4-c4-p32-read-after-write.txt
[192/222] /Users/gpicchiarelli/Documents/GlyphaStore/build/macos-native-release/glyphastore_server_benchmarks --ops 800 --workers 1 --clients 4 --pipeline 32 --value-size 64 --storage-mode durable-group --workload read-after-write --executor-affinity --latency --group-max-records 1 --group-max-bytes 1048576 --group-max-wait-ms 10 --warmup 1 --repeats 5
OK -> /Users/gpicchiarelli/Documents/GlyphaStore/benchmarks/results/local-macos-2026-08-30-correctness-9ba7397/durable/durable-group-w1-c4-p32-batch1.txt
[193/222] /Users/gpicchiarelli/Documents/GlyphaStore/build/macos-native-release/glyphastore_server_benchmarks --ops 800 --workers 1 --clients 4 --pipeline 32 --value-size 64 --storage-mode durable-group --workload read-after-write --executor-affinity --latency --group-max-records 4 --group-max-bytes 1048576 --group-max-wait-ms 10 --warmup 1 --repeats 5
OK -> /Users/gpicchiarelli/Documents/GlyphaStore/benchmarks/results/local-macos-2026-08-30-correctness-9ba7397/durable/durable-group-w1-c4-p32-batch4.txt
[194/222] /Users/gpicchiarelli/Documents/GlyphaStore/build/macos-native-release/glyphastore_server_benchmarks --ops 800 --workers 1 --clients 4 --pipeline 32 --value-size 64 --storage-mode durable-group --workload read-after-write --executor-affinity --latency --group-max-records 16 --group-max-bytes 1048576 --group-max-wait-ms 10 --warmup 1 --repeats 5
OK -> /Users/gpicchiarelli/Documents/GlyphaStore/benchmarks/results/local-macos-2026-08-30-correctness-9ba7397/durable/durable-group-w1-c4-p32-batch16.txt
[195/222] /Users/gpicchiarelli/Documents/GlyphaStore/build/macos-native-release/glyphastore_server_benchmarks --ops 800 --workers 1 --clients 4 --pipeline 32 --value-size 64 --storage-mode durable-group --workload read-after-write --executor-affinity --latency --group-max-records 32 --group-max-bytes 1048576 --group-max-wait-ms 10 --warmup 1 --repeats 5
OK -> /Users/gpicchiarelli/Documents/GlyphaStore/benchmarks/results/local-macos-2026-08-30-correctness-9ba7397/durable/durable-group-w1-c4-p32-batch32.txt
[196/222] /Users/gpicchiarelli/Documents/GlyphaStore/build/macos-native-release/glyphastore_server_benchmarks --ops 800 --workers 1 --clients 4 --pipeline 32 --value-size 64 --storage-mode durable-group --workload read-after-write --executor-affinity --latency --group-max-records 128 --group-max-bytes 1048576 --group-max-wait-ms 10 --warmup 1 --repeats 5
OK -> /Users/gpicchiarelli/Documents/GlyphaStore/benchmarks/results/local-macos-2026-08-30-correctness-9ba7397/durable/durable-group-w1-c4-p32-batch128.txt
[197/222] /Users/gpicchiarelli/Documents/GlyphaStore/build/macos-native-release/glyphastore_benchmarks --filter store-durable-all --ops 500 --workers 1 --value-size 64 --warmup 1 --repeats 5
OK -> /Users/gpicchiarelli/Documents/GlyphaStore/benchmarks/results/local-macos-2026-08-30-correctness-9ba7397/durable/embedded-durable-sync-all.txt
[198/222] /Users/gpicchiarelli/Documents/GlyphaStore/build/macos-native-release/glyphastore_benchmarks --filter store-durable-group-all --ops 500 --workers 1 --value-size 64 --warmup 1 --repeats 5
OK -> /Users/gpicchiarelli/Documents/GlyphaStore/benchmarks/results/local-macos-2026-08-30-correctness-9ba7397/durable/embedded-durable-group-all.txt
[199/222] /Users/gpicchiarelli/Documents/GlyphaStore/build/macos-native-release/glyphastore_benchmarks --filter store-durable-periodic-all --ops 500 --workers 1 --value-size 64 --warmup 1 --repeats 5
OK -> /Users/gpicchiarelli/Documents/GlyphaStore/benchmarks/results/local-macos-2026-08-30-correctness-9ba7397/durable/embedded-durable-periodic-all.txt
[200/222] /Users/gpicchiarelli/Documents/GlyphaStore/build/macos-native-release/glyphastore_benchmarks --filter store-durable-parallel-put --ops 800 --workers 4 --threads 4 --distribution worker-affine --value-size 64 --latency --warmup 1 --repeats 5
OK -> /Users/gpicchiarelli/Documents/GlyphaStore/benchmarks/results/local-macos-2026-08-30-correctness-9ba7397/durable/embedded-durable-sync-parallel-put.txt
[201/222] /Users/gpicchiarelli/Documents/GlyphaStore/build/macos-native-release/glyphastore_benchmarks --filter store-durable-group-parallel-put --ops 800 --workers 1 --threads 4 --distribution single-worker --value-size 64 --latency --warmup 1 --repeats 5
OK -> /Users/gpicchiarelli/Documents/GlyphaStore/benchmarks/results/local-macos-2026-08-30-correctness-9ba7397/durable/embedded-durable-group-parallel-put.txt
[202/222] /Users/gpicchiarelli/Documents/GlyphaStore/build/macos-native-release/glyphastore_compaction_benchmark --scenario high-reclaim --value-bytes 262144 --warmup 1 --repeats 7
OK -> /Users/gpicchiarelli/Documents/GlyphaStore/benchmarks/results/local-macos-2026-08-30-correctness-9ba7397/compaction/high-reclaim.txt
[203/222] /Users/gpicchiarelli/Documents/GlyphaStore/build/macos-native-release/glyphastore_compaction_benchmark --scenario medium-reclaim --value-bytes 262144 --warmup 1 --repeats 7
OK -> /Users/gpicchiarelli/Documents/GlyphaStore/benchmarks/results/local-macos-2026-08-30-correctness-9ba7397/compaction/medium-reclaim.txt
[204/222] /Users/gpicchiarelli/Documents/GlyphaStore/build/macos-native-release/glyphastore_compaction_benchmark --scenario low-reclaim --value-bytes 262144 --warmup 1 --repeats 7
OK -> /Users/gpicchiarelli/Documents/GlyphaStore/benchmarks/results/local-macos-2026-08-30-correctness-9ba7397/compaction/low-reclaim.txt
[205/222] /Users/gpicchiarelli/Documents/GlyphaStore/build/macos-native-release/glyphastore_compaction_benchmark --scenario copy-heavy --value-bytes 262144 --warmup 1 --repeats 7
OK -> /Users/gpicchiarelli/Documents/GlyphaStore/benchmarks/results/local-macos-2026-08-30-correctness-9ba7397/compaction/copy-heavy.txt
[206/222] /Users/gpicchiarelli/Documents/GlyphaStore/build/macos-native-release/glyphastore_compaction_benchmark --scenario ttl-50 --value-bytes 262144 --warmup 1 --repeats 7
OK -> /Users/gpicchiarelli/Documents/GlyphaStore/benchmarks/results/local-macos-2026-08-30-correctness-9ba7397/compaction/ttl-50.txt
[207/222] /Users/gpicchiarelli/Documents/GlyphaStore/build/macos-native-release/glyphastore_compaction_benchmark --scenario no-gain --value-bytes 262144 --warmup 1 --repeats 7
OK -> /Users/gpicchiarelli/Documents/GlyphaStore/benchmarks/results/local-macos-2026-08-30-correctness-9ba7397/compaction/no-gain.txt
[208/222] /Users/gpicchiarelli/Documents/GlyphaStore/build/macos-native-release/glyphastore_maintenance_benchmark --scenario mixed --mode disabled --warmup 1 --repeats 7
OK -> /Users/gpicchiarelli/Documents/GlyphaStore/benchmarks/results/local-macos-2026-08-30-correctness-9ba7397/maintenance/mixed-disabled.txt
[209/222] /Users/gpicchiarelli/Documents/GlyphaStore/build/macos-native-release/glyphastore_maintenance_benchmark --scenario mixed --mode cooperative --warmup 1 --repeats 7
OK -> /Users/gpicchiarelli/Documents/GlyphaStore/benchmarks/results/local-macos-2026-08-30-correctness-9ba7397/maintenance/mixed-cooperative.txt
[210/222] /Users/gpicchiarelli/Documents/GlyphaStore/build/macos-native-release/glyphastore_maintenance_benchmark --scenario mixed --mode background --warmup 1 --repeats 7
OK -> /Users/gpicchiarelli/Documents/GlyphaStore/benchmarks/results/local-macos-2026-08-30-correctness-9ba7397/maintenance/mixed-background.txt
[211/222] /Users/gpicchiarelli/Documents/GlyphaStore/build/macos-native-release/glyphastore_maintenance_benchmark --scenario forced-rotation --mode disabled --warmup 1 --repeats 7
OK -> /Users/gpicchiarelli/Documents/GlyphaStore/benchmarks/results/local-macos-2026-08-30-correctness-9ba7397/maintenance/forced-rotation-disabled.txt
[212/222] /Users/gpicchiarelli/Documents/GlyphaStore/build/macos-native-release/glyphastore_maintenance_benchmark --scenario forced-rotation --mode cooperative --warmup 1 --repeats 7
OK -> /Users/gpicchiarelli/Documents/GlyphaStore/benchmarks/results/local-macos-2026-08-30-correctness-9ba7397/maintenance/forced-rotation-cooperative.txt
[213/222] /Users/gpicchiarelli/Documents/GlyphaStore/build/macos-native-release/glyphastore_maintenance_benchmark --scenario forced-rotation --mode background --warmup 1 --repeats 7
OK -> /Users/gpicchiarelli/Documents/GlyphaStore/benchmarks/results/local-macos-2026-08-30-correctness-9ba7397/maintenance/forced-rotation-background.txt
[214/222] /Users/gpicchiarelli/Documents/GlyphaStore/build/macos-native-release/glyphastore_maintenance_benchmark --scenario churn --mode disabled --warmup 0 --repeats 7
OK -> /Users/gpicchiarelli/Documents/GlyphaStore/benchmarks/results/local-macos-2026-08-30-correctness-9ba7397/maintenance/churn-disabled.txt
[215/222] /Users/gpicchiarelli/Documents/GlyphaStore/build/macos-native-release/glyphastore_maintenance_benchmark --scenario churn --mode cooperative --warmup 0 --repeats 7
OK -> /Users/gpicchiarelli/Documents/GlyphaStore/benchmarks/results/local-macos-2026-08-30-correctness-9ba7397/maintenance/churn-cooperative.txt
[216/222] /Users/gpicchiarelli/Documents/GlyphaStore/build/macos-native-release/glyphastore_maintenance_benchmark --scenario churn --mode background --warmup 0 --repeats 7
OK -> /Users/gpicchiarelli/Documents/GlyphaStore/benchmarks/results/local-macos-2026-08-30-correctness-9ba7397/maintenance/churn-background.txt
[217/222] /Users/gpicchiarelli/Documents/GlyphaStore/build/macos-native-release/glyphastore_maintenance_benchmark --scenario idle --mode disabled --idle-duration-ms 1000 --warmup 0 --repeats 7
OK -> /Users/gpicchiarelli/Documents/GlyphaStore/benchmarks/results/local-macos-2026-08-30-correctness-9ba7397/maintenance/idle-disabled.txt
[218/222] /Users/gpicchiarelli/Documents/GlyphaStore/build/macos-native-release/glyphastore_maintenance_benchmark --scenario idle --mode cooperative --idle-duration-ms 1000 --warmup 0 --repeats 7
OK -> /Users/gpicchiarelli/Documents/GlyphaStore/benchmarks/results/local-macos-2026-08-30-correctness-9ba7397/maintenance/idle-cooperative.txt
[219/222] /Users/gpicchiarelli/Documents/GlyphaStore/build/macos-native-release/glyphastore_maintenance_benchmark --scenario idle --mode background --idle-duration-ms 1000 --warmup 0 --repeats 7
OK -> /Users/gpicchiarelli/Documents/GlyphaStore/benchmarks/results/local-macos-2026-08-30-correctness-9ba7397/maintenance/idle-background.txt
[220/222] /Users/gpicchiarelli/Documents/GlyphaStore/build/macos-native-release/glyphastore_generation_shell_benchmark --ops 20000 --warmup 2 --repeats 11
OK -> /Users/gpicchiarelli/Documents/GlyphaStore/benchmarks/results/local-macos-2026-08-30-correctness-9ba7397/generation/generation-shell.txt
[221/222] /Users/gpicchiarelli/Documents/GlyphaStore/build/macos-native-release/glyphastore_generation_publication_benchmark --ops 20000 --warmup 3 --repeats 11
OK -> /Users/gpicchiarelli/Documents/GlyphaStore/benchmarks/results/local-macos-2026-08-30-correctness-9ba7397/generation/generation-publication-adopt.txt
[222/222] /Users/gpicchiarelli/Documents/GlyphaStore/build/macos-native-release/glyphastore_generation_publication_benchmark --ops 20000 --warmup 3 --repeats 11 --reader-work get
OK -> /Users/gpicchiarelli/Documents/GlyphaStore/benchmarks/results/local-macos-2026-08-30-correctness-9ba7397/generation/generation-publication-get.txt
DONE total=222 ok=222 fail=0 skip=0 finished_at=2026-08-30T18:57:58Z
