[1/18] /Users/gpicchiarelli/Documents/GlyphaStore/build/macos-native-release/glyphastore_benchmarks --filter store-parallel-read-after-write --ops 100000 --workers 2 --threads 2 --distribution owner-bound --value-size 64 --warmup 1 --repeats 7
OK -> /Users/gpicchiarelli/Documents/GlyphaStore/benchmarks/results/local-macos-2026-08-30-correctness-9ba7397/focused-ab/round1/current-raw-w2-owner-bound.txt
[2/18] /tmp/glyphastore-bench-ab.JIk0Mw/build/macos-native-release/glyphastore_benchmarks --filter store-parallel-read-after-write --ops 100000 --workers 2 --threads 2 --distribution owner-bound --value-size 64 --warmup 1 --repeats 7
OK -> /Users/gpicchiarelli/Documents/GlyphaStore/benchmarks/results/local-macos-2026-08-30-correctness-9ba7397/focused-ab/round1/baseline-raw-w2-owner-bound.txt
[3/18] /Users/gpicchiarelli/Documents/GlyphaStore/build/macos-native-release/glyphastore_server_benchmarks --ops 500 --workers 4 --clients 4 --pipeline 32 --value-size 64 --storage-mode durable-periodic --workload get-only --executor-affinity --latency --group-max-records 32 --group-max-bytes 65536 --group-max-wait-ms 10 --periodic-sync-ms 1000 --warmup 1 --repeats 5
OK -> /Users/gpicchiarelli/Documents/GlyphaStore/benchmarks/results/local-macos-2026-08-30-correctness-9ba7397/focused-ab/round1/current-durable-periodic-w4-c4-p32-get-only.txt
[4/18] /tmp/glyphastore-bench-ab.JIk0Mw/build/macos-native-release/glyphastore_server_benchmarks --ops 500 --workers 4 --clients 4 --pipeline 32 --value-size 64 --storage-mode durable-periodic --workload get-only --executor-affinity --latency --group-max-records 32 --group-max-bytes 65536 --group-max-wait-ms 10 --periodic-sync-ms 1000 --warmup 1 --repeats 5
OK -> /Users/gpicchiarelli/Documents/GlyphaStore/benchmarks/results/local-macos-2026-08-30-correctness-9ba7397/focused-ab/round1/baseline-durable-periodic-w4-c4-p32-get-only.txt
[5/18] /Users/gpicchiarelli/Documents/GlyphaStore/build/macos-native-release/glyphastore_benchmarks --filter store-durable-periodic-all --ops 500 --workers 1 --value-size 64 --warmup 1 --repeats 5
OK -> /Users/gpicchiarelli/Documents/GlyphaStore/benchmarks/results/local-macos-2026-08-30-correctness-9ba7397/focused-ab/round1/current-embedded-durable-periodic-all.txt
[6/18] /tmp/glyphastore-bench-ab.JIk0Mw/build/macos-native-release/glyphastore_benchmarks --filter store-durable-periodic-all --ops 500 --workers 1 --value-size 64 --warmup 1 --repeats 5
OK -> /Users/gpicchiarelli/Documents/GlyphaStore/benchmarks/results/local-macos-2026-08-30-correctness-9ba7397/focused-ab/round1/baseline-embedded-durable-periodic-all.txt
[7/18] /tmp/glyphastore-bench-ab.JIk0Mw/build/macos-native-release/glyphastore_benchmarks --filter store-parallel-read-after-write --ops 100000 --workers 2 --threads 2 --distribution owner-bound --value-size 64 --warmup 1 --repeats 7
OK -> /Users/gpicchiarelli/Documents/GlyphaStore/benchmarks/results/local-macos-2026-08-30-correctness-9ba7397/focused-ab/round2/baseline-raw-w2-owner-bound.txt
[8/18] /Users/gpicchiarelli/Documents/GlyphaStore/build/macos-native-release/glyphastore_benchmarks --filter store-parallel-read-after-write --ops 100000 --workers 2 --threads 2 --distribution owner-bound --value-size 64 --warmup 1 --repeats 7
OK -> /Users/gpicchiarelli/Documents/GlyphaStore/benchmarks/results/local-macos-2026-08-30-correctness-9ba7397/focused-ab/round2/current-raw-w2-owner-bound.txt
[9/18] /tmp/glyphastore-bench-ab.JIk0Mw/build/macos-native-release/glyphastore_server_benchmarks --ops 500 --workers 4 --clients 4 --pipeline 32 --value-size 64 --storage-mode durable-periodic --workload get-only --executor-affinity --latency --group-max-records 32 --group-max-bytes 65536 --group-max-wait-ms 10 --periodic-sync-ms 1000 --warmup 1 --repeats 5
OK -> /Users/gpicchiarelli/Documents/GlyphaStore/benchmarks/results/local-macos-2026-08-30-correctness-9ba7397/focused-ab/round2/baseline-durable-periodic-w4-c4-p32-get-only.txt
[10/18] /Users/gpicchiarelli/Documents/GlyphaStore/build/macos-native-release/glyphastore_server_benchmarks --ops 500 --workers 4 --clients 4 --pipeline 32 --value-size 64 --storage-mode durable-periodic --workload get-only --executor-affinity --latency --group-max-records 32 --group-max-bytes 65536 --group-max-wait-ms 10 --periodic-sync-ms 1000 --warmup 1 --repeats 5
OK -> /Users/gpicchiarelli/Documents/GlyphaStore/benchmarks/results/local-macos-2026-08-30-correctness-9ba7397/focused-ab/round2/current-durable-periodic-w4-c4-p32-get-only.txt
[11/18] /tmp/glyphastore-bench-ab.JIk0Mw/build/macos-native-release/glyphastore_benchmarks --filter store-durable-periodic-all --ops 500 --workers 1 --value-size 64 --warmup 1 --repeats 5
OK -> /Users/gpicchiarelli/Documents/GlyphaStore/benchmarks/results/local-macos-2026-08-30-correctness-9ba7397/focused-ab/round2/baseline-embedded-durable-periodic-all.txt
[12/18] /Users/gpicchiarelli/Documents/GlyphaStore/build/macos-native-release/glyphastore_benchmarks --filter store-durable-periodic-all --ops 500 --workers 1 --value-size 64 --warmup 1 --repeats 5
OK -> /Users/gpicchiarelli/Documents/GlyphaStore/benchmarks/results/local-macos-2026-08-30-correctness-9ba7397/focused-ab/round2/current-embedded-durable-periodic-all.txt
[13/18] /Users/gpicchiarelli/Documents/GlyphaStore/build/macos-native-release/glyphastore_benchmarks --filter store-parallel-read-after-write --ops 100000 --workers 2 --threads 2 --distribution owner-bound --value-size 64 --warmup 1 --repeats 7
OK -> /Users/gpicchiarelli/Documents/GlyphaStore/benchmarks/results/local-macos-2026-08-30-correctness-9ba7397/focused-ab/round3/current-raw-w2-owner-bound.txt
[14/18] /tmp/glyphastore-bench-ab.JIk0Mw/build/macos-native-release/glyphastore_benchmarks --filter store-parallel-read-after-write --ops 100000 --workers 2 --threads 2 --distribution owner-bound --value-size 64 --warmup 1 --repeats 7
OK -> /Users/gpicchiarelli/Documents/GlyphaStore/benchmarks/results/local-macos-2026-08-30-correctness-9ba7397/focused-ab/round3/baseline-raw-w2-owner-bound.txt
[15/18] /Users/gpicchiarelli/Documents/GlyphaStore/build/macos-native-release/glyphastore_server_benchmarks --ops 500 --workers 4 --clients 4 --pipeline 32 --value-size 64 --storage-mode durable-periodic --workload get-only --executor-affinity --latency --group-max-records 32 --group-max-bytes 65536 --group-max-wait-ms 10 --periodic-sync-ms 1000 --warmup 1 --repeats 5
OK -> /Users/gpicchiarelli/Documents/GlyphaStore/benchmarks/results/local-macos-2026-08-30-correctness-9ba7397/focused-ab/round3/current-durable-periodic-w4-c4-p32-get-only.txt
[16/18] /tmp/glyphastore-bench-ab.JIk0Mw/build/macos-native-release/glyphastore_server_benchmarks --ops 500 --workers 4 --clients 4 --pipeline 32 --value-size 64 --storage-mode durable-periodic --workload get-only --executor-affinity --latency --group-max-records 32 --group-max-bytes 65536 --group-max-wait-ms 10 --periodic-sync-ms 1000 --warmup 1 --repeats 5
OK -> /Users/gpicchiarelli/Documents/GlyphaStore/benchmarks/results/local-macos-2026-08-30-correctness-9ba7397/focused-ab/round3/baseline-durable-periodic-w4-c4-p32-get-only.txt
[17/18] /Users/gpicchiarelli/Documents/GlyphaStore/build/macos-native-release/glyphastore_benchmarks --filter store-durable-periodic-all --ops 500 --workers 1 --value-size 64 --warmup 1 --repeats 5
OK -> /Users/gpicchiarelli/Documents/GlyphaStore/benchmarks/results/local-macos-2026-08-30-correctness-9ba7397/focused-ab/round3/current-embedded-durable-periodic-all.txt
[18/18] /tmp/glyphastore-bench-ab.JIk0Mw/build/macos-native-release/glyphastore_benchmarks --filter store-durable-periodic-all --ops 500 --workers 1 --value-size 64 --warmup 1 --repeats 5
OK -> /Users/gpicchiarelli/Documents/GlyphaStore/benchmarks/results/local-macos-2026-08-30-correctness-9ba7397/focused-ab/round3/baseline-embedded-durable-periodic-all.txt
DONE total=18 ok=18 fail=0 skip=0 finished_at=2026-08-30T19:01:12Z
